Component: ARM Compiler 5.06 update 6 (build 750) Tool: armlink [4d35ed]

==============================================================================

Section Cross References

    startup_stm32f407xx.o(RESET) refers to startup_stm32f407xx.o(STACK) for __initial_sp
    startup_stm32f407xx.o(RESET) refers to startup_stm32f407xx.o(.text) for Reset_Handler
    startup_stm32f407xx.o(RESET) refers to stm32f4xx_it.o(i.NMI_Handler) for NMI_Handler
    startup_stm32f407xx.o(RESET) refers to stm32f4xx_it.o(i.HardFault_Handler) for HardFault_Handler
    startup_stm32f407xx.o(RESET) refers to stm32f4xx_it.o(i.MemManage_Handler) for MemManage_Handler
    startup_stm32f407xx.o(RESET) refers to stm32f4xx_it.o(i.BusFault_Handler) for BusFault_Handler
    startup_stm32f407xx.o(RESET) refers to stm32f4xx_it.o(i.UsageFault_Handler) for UsageFault_Handler
    startup_stm32f407xx.o(RESET) refers to stm32f4xx_it.o(i.SVC_Handler) for SVC_Handler
    startup_stm32f407xx.o(RESET) refers to stm32f4xx_it.o(i.DebugMon_Handler) for DebugMon_Handler
    startup_stm32f407xx.o(RESET) refers to stm32f4xx_it.o(i.PendSV_Handler) for PendSV_Handler
    startup_stm32f407xx.o(RESET) refers to stm32f4xx_it.o(i.SysTick_Handler) for SysTick_Handler
    startup_stm32f407xx.o(RESET) refers to stm32f4xx_it.o(i.DMA1_Stream1_IRQHandler) for DMA1_Stream1_IRQHandler
    startup_stm32f407xx.o(RESET) refers to stm32f4xx_it.o(i.TIM1_BRK_TIM9_IRQHandler) for TIM1_BRK_TIM9_IRQHandler
    startup_stm32f407xx.o(RESET) refers to stm32f4xx_it.o(i.TIM1_UP_TIM10_IRQHandler) for TIM1_UP_TIM10_IRQHandler
    startup_stm32f407xx.o(RESET) refers to stm32f4xx_it.o(i.TIM1_TRG_COM_TIM11_IRQHandler) for TIM1_TRG_COM_TIM11_IRQHandler
    startup_stm32f407xx.o(RESET) refers to stm32f4xx_it.o(i.TIM1_CC_IRQHandler) for TIM1_CC_IRQHandler
    startup_stm32f407xx.o(RESET) refers to stm32f4xx_it.o(i.TIM2_IRQHandler) for TIM2_IRQHandler
    startup_stm32f407xx.o(RESET) refers to stm32f4xx_it.o(i.TIM3_IRQHandler) for TIM3_IRQHandler
    startup_stm32f407xx.o(RESET) refers to stm32f4xx_it.o(i.TIM4_IRQHandler) for TIM4_IRQHandler
    startup_stm32f407xx.o(RESET) refers to stm32f4xx_it.o(i.USART3_IRQHandler) for USART3_IRQHandler
    startup_stm32f407xx.o(RESET) refers to stm32f4xx_it.o(i.TIM8_UP_TIM13_IRQHandler) for TIM8_UP_TIM13_IRQHandler
    startup_stm32f407xx.o(.text) refers to system_stm32f4xx.o(i.SystemInit) for SystemInit
    startup_stm32f407xx.o(.text) refers to entry.o(.ARM.Collect$$$$00000000) for __main
    main.o(i.SystemClock_Config) refers to memseta.o(.text) for __aeabi_memclr4
    main.o(i.SystemClock_Config) refers to stm32f4xx_hal_rcc.o(i.HAL_RCC_OscConfig) for HAL_RCC_OscConfig
    main.o(i.SystemClock_Config) refers to stm32f4xx_hal_rcc.o(i.HAL_RCC_ClockConfig) for HAL_RCC_ClockConfig
    main.o(i.main) refers to stm32f4xx_hal.o(i.HAL_Init) for HAL_Init
    main.o(i.main) refers to main.o(i.SystemClock_Config) for SystemClock_Config
    main.o(i.main) refers to gpio.o(i.MX_GPIO_Init) for MX_GPIO_Init
    main.o(i.main) refers to dma.o(i.MX_DMA_Init) for MX_DMA_Init
    main.o(i.main) refers to adc.o(i.MX_ADC1_Init) for MX_ADC1_Init
    main.o(i.main) refers to can.o(i.MX_CAN1_Init) for MX_CAN1_Init
    main.o(i.main) refers to i2c.o(i.MX_I2C1_Init) for MX_I2C1_Init
    main.o(i.main) refers to i2c.o(i.MX_I2C2_Init) for MX_I2C2_Init
    main.o(i.main) refers to spi.o(i.MX_SPI1_Init) for MX_SPI1_Init
    main.o(i.main) refers to tim.o(i.MX_TIM1_Init) for MX_TIM1_Init
    main.o(i.main) refers to tim.o(i.MX_TIM2_Init) for MX_TIM2_Init
    main.o(i.main) refers to tim.o(i.MX_TIM3_Init) for MX_TIM3_Init
    main.o(i.main) refers to tim.o(i.MX_TIM4_Init) for MX_TIM4_Init
    main.o(i.main) refers to tim.o(i.MX_TIM5_Init) for MX_TIM5_Init
    main.o(i.main) refers to tim.o(i.MX_TIM9_Init) for MX_TIM9_Init
    main.o(i.main) refers to tim.o(i.MX_TIM12_Init) for MX_TIM12_Init
    main.o(i.main) refers to usart.o(i.MX_UART5_Init) for MX_UART5_Init
    main.o(i.main) refers to usart.o(i.MX_USART1_UART_Init) for MX_USART1_UART_Init
    main.o(i.main) refers to usart.o(i.MX_USART2_UART_Init) for MX_USART2_UART_Init
    main.o(i.main) refers to usart.o(i.MX_USART3_UART_Init) for MX_USART3_UART_Init
    main.o(i.main) refers to tim.o(i.MX_TIM8_Init) for MX_TIM8_Init
    main.o(i.main) refers to usart.o(i.MX_UART4_Init) for MX_UART4_Init
    main.o(i.main) refers to tim.o(i.MX_TIM10_Init) for MX_TIM10_Init
    main.o(i.main) refers to tim.o(i.MX_TIM13_Init) for MX_TIM13_Init
    main.o(i.main) refers to task1.o(i.Task_Run) for Task_Run
    gpio.o(i.MX_GPIO_Init) refers to memseta.o(.text) for __aeabi_memclr4
    gpio.o(i.MX_GPIO_Init) refers to stm32f4xx_hal_gpio.o(i.HAL_GPIO_WritePin) for HAL_GPIO_WritePin
    gpio.o(i.MX_GPIO_Init) refers to stm32f4xx_hal_gpio.o(i.HAL_GPIO_Init) for HAL_GPIO_Init
    adc.o(i.HAL_ADC_MspDeInit) refers to stm32f4xx_hal_gpio.o(i.HAL_GPIO_DeInit) for HAL_GPIO_DeInit
    adc.o(i.HAL_ADC_MspInit) refers to memseta.o(.text) for __aeabi_memclr4
[...]
    i.HAL_TIM_PeriodElapsedCallback          0x08002ac0   Section        0  motor.o(i.HAL_TIM_PeriodElapsedCallback)
    i.HAL_TIM_TriggerCallback                0x08002b58   Section        0  stm32f4xx_hal_tim.o(i.HAL_TIM_TriggerCallback)
    i.HAL_UARTEx_RxEventCallback             0x08002b5a   Section        0  stm32f4xx_hal_uart.o(i.HAL_UARTEx_RxEventCallback)
    i.HAL_UART_ErrorCallback                 0x08002b5c   Section        0  stm32f4xx_hal_uart.o(i.HAL_UART_ErrorCallback)
    i.HAL_UART_IRQHandler                    0x08002b60   Section        0  stm32f4xx_hal_uart.o(i.HAL_UART_IRQHandler)
    i.HAL_UART_Init                          0x08002dd0   Section        0  stm32f4xx_hal_uart.o(i.HAL_UART_Init)
    i.HAL_UART_MspInit                       0x08002e34   Section        0  usart.o(i.HAL_UART_MspInit)
    i.HAL_UART_Receive_DMA                   0x08003028   Section        0  stm32f4xx_hal_uart.o(i.HAL_UART_Receive_DMA)
    i.HAL_UART_RxCpltCallback                0x08003044   Section        0  imu.o(i.HAL_UART_RxCpltCallback)
    i.HAL_UART_RxHalfCpltCallback            0x08003074   Section        0  stm32f4xx_hal_uart.o(i.HAL_UART_RxHalfCpltCallback)
    i.HAL_UART_Transmit                      0x08003076   Section        0  stm32f4xx_hal_uart.o(i.HAL_UART_Transmit)
    i.HAL_UART_TxCpltCallback                0x08003116   Section        0  stm32f4xx_hal_uart.o(i.HAL_UART_TxCpltCallback)
    i.HardFault_Handler                      0x08003118   Section        0  stm32f4xx_it.o(i.HardFault_Handler)
    i.I2C_IsAcknowledgeFailed                0x0800311a   Section        0  stm32f4xx_hal_i2c.o(i.I2C_IsAcknowledgeFailed)
    I2C_IsAcknowledgeFailed                  0x0800311b   Thumb Code    46  stm32f4xx_hal_i2c.o(i.I2C_IsAcknowledgeFailed)
    i.I2C_MasterRequestWrite                 0x08003148   Section        0  stm32f4xx_hal_i2c.o(i.I2C_MasterRequestWrite)
    I2C_MasterRequestWrite                   0x08003149   Thumb Code   150  stm32f4xx_hal_i2c.o(i.I2C_MasterRequestWrite)
    i.I2C_WaitOnBTFFlagUntilTimeout          0x080031e4   Section        0  stm32f4xx_hal_i2c.o(i.I2C_WaitOnBTFFlagUntilTimeout)
    I2C_WaitOnBTFFlagUntilTimeout            0x080031e5   Thumb Code    86  stm32f4xx_hal_i2c.o(i.I2C_WaitOnBTFFlagUntilTimeout)
    i.I2C_WaitOnFlagUntilTimeout             0x0800323c   Section        0  stm32f4xx_hal_i2c.o(i.I2C_WaitOnFlagUntilTimeout)
    I2C_WaitOnFlagUntilTimeout               0x0800323d   Thumb Code   144  stm32f4xx_hal_i2c.o(i.I2C_WaitOnFlagUntilTimeout)
    i.I2C_WaitOnMasterAddressFlagUntilTimeout 0x080032cc   Section        0  stm32f4xx_hal_i2c.o(i.I2C_WaitOnMasterAddressFlagUntilTimeout)
    I2C_WaitOnMasterAddressFlagUntilTimeout  0x080032cd   Thumb Code   188  stm32f4xx_hal_i2c.o(i.I2C_WaitOnMasterAddressFlagUntilTimeout)
    i.I2C_WaitOnTXEFlagUntilTimeout          0x08003388   Section        0  stm32f4xx_hal_i2c.o(i.I2C_WaitOnTXEFlagUntilTimeout)
    I2C_WaitOnTXEFlagUntilTimeout            0x08003389   Thumb Code    86  stm32f4xx_hal_i2c.o(i.I2C_WaitOnTXEFlagUntilTimeout)
    i.IMU_Init                               0x080033e0   Section        0  imu.o(i.IMU_Init)
    i.Key_GetNum                             0x080033f4   Section        0  key.o(i.Key_GetNum)
    i.Key_Scan                               0x08003440   Section        0  key.o(i.Key_Scan)
    i.Key_Task                               0x08003478   Section        0  task1.o(i.Key_Task)
    i.MX_ADC1_Init                           0x08003524   Section        0  adc.o(i.MX_ADC1_Init)
    i.MX_CAN1_Init                           0x08003588   Section        0  can.o(i.MX_CAN1_Init)
    i.MX_DMA_Init                            0x080035c4   Section        0  dma.o(i.MX_DMA_Init)
    i.MX_GPIO_Init                           0x080035f0   Section        0  gpio.o(i.MX_GPIO_Init)
    i.MX_I2C1_Init                           0x080036dc   Section        0  i2c.o(i.MX_I2C1_Init)
    i.MX_I2C2_Init                           0x0800371c   Section        0  i2c.o(i.MX_I2C2_Init)
    i.MX_SPI1_Init                           0x0800375c   Section        0  spi.o(i.MX_SPI1_Init)
    i.MX_TIM10_Init                          0x080037a0   Section        0  tim.o(i.MX_TIM10_Init)
    i.MX_TIM12_Init                          0x08003804   Section        0  tim.o(i.MX_TIM12_Init)
    i.MX_TIM13_Init                          0x08003894   Section        0  tim.o(i.MX_TIM13_Init)
    i.MX_TIM1_Init                           0x080038cc   Section        0  tim.o(i.MX_TIM1_Init)
    i.MX_TIM2_Init                           0x08003938   Section        0  tim.o(i.MX_TIM2_Init)
    i.MX_TIM3_Init                           0x080039a0   Section        0  tim.o(i.MX_TIM3_Init)
    i.MX_TIM4_Init                           0x08003a0c   Section        0  tim.o(i.MX_TIM4_Init)
    i.MX_TIM5_Init                           0x08003a78   Section        0  tim.o(i.MX_TIM5_Init)
    i.MX_TIM8_Init                           0x08003b44   Section        0  tim.o(i.MX_TIM8_Init)
    i.MX_TIM9_Init                           0x08003c40   Section        0  tim.o(i.MX_TIM9_Init)
    i.MX_UART4_Init                          0x08003cd0   Section        0  usart.o(i.MX_UART4_Init)
    i.MX_UART5_Init                          0x08003d08   Section        0  usart.o(i.MX_UART5_Init)
    i.MX_USART1_UART_Init                    0x08003d40   Section        0  usart.o(i.MX_USART1_UART_Init)
    i.MX_USART2_UART_Init                    0x08003d78   Section        0  usart.o(i.MX_USART2_UART_Init)
    i.MX_USART3_UART_Init                    0x08003db0   Section        0  usart.o(i.MX_USART3_UART_Init)
    i.MemManage_Handler                      0x08003de8   Section        0  stm32f4xx_it.o(i.MemManage_Handler)
    i.Motor_Init                             0x08003dec   Section        0  motor.o(i.Motor_Init)
    i.Motor_SetSpeed                         0x08003e20   Section        0  motor.o(i.Motor_SetSpeed)
    i.Motor_Task                             0x08003e28   Section        0  task1.o(i.Motor_Task)
    i.Motor_UpdataSpeed                      0x08003e54   Section        0  motor.o(i.Motor_UpdataSpeed)
    i.NMI_Handler                            0x08003f54   Section        0  stm32f4xx_it.o(i.NMI_Handler)
    i.OLED_Init                              0x08003f56   Section        0  oled.o(i.OLED_Init)
    i.OLED_NewFrame                          0x0800400c   Section        0  oled.o(i.OLED_NewFrame)
    i.OLED_PrintASCIIChar                    0x0800401c   Section        0  oled.o(i.OLED_PrintASCIIChar)
    i.OLED_PrintFloatNum                     0x08004040   Section        0  oled.o(i.OLED_PrintFloatNum)
    i.OLED_PrintNum                          0x08004080   Section        0  oled.o(i.OLED_PrintNum)
    i.OLED_PrintString                       0x080040ac   Section        0  oled.o(i.OLED_PrintString)
    i.OLED_Send                              0x08004164   Section        0  oled.o(i.OLED_Send)
    i.OLED_SendCmd                           0x08004180   Section        0  oled.o(i.OLED_SendCmd)
    i.OLED_SetBits                           0x08004190   Section        0  oled.o(i.OLED_SetBits)
    i.OLED_SetBits_Fine                      0x080041d8   Section        0  oled.o(i.OLED_SetBits_Fine)
    i.OLED_SetBlock                          0x08004240   Section        0  oled.o(i.OLED_SetBlock)
    i.OLED_SetByte_Fine                      0x080042c8   Section        0  oled.o(i.OLED_SetByte_Fine)
    i.OLED_ShowFrame                         0x08004310   Section        0  oled.o(i.OLED_ShowFrame)
    i.OLED_Task                              0x08004358   Section        0  task1.o(i.OLED_Task)
    i.PID_Calculate                          0x08004434   Section        0  pid.o(i.PID_Calculate)
    i.PendSV_Handler                         0x08004554   Section        0  stm32f4xx_it.o(i.PendSV_Handler)
    i.SVC_Handler                            0x08004556   Section        0  stm32f4xx_it.o(i.SVC_Handler)
    i.SysTick_Handler                        0x08004558   Section        0  stm32f4xx_it.o(i.SysTick_Handler)
    i.SystemClock_Config                     0x0800455c   Section        0  main.o(i.SystemClock_Config)
    i.SystemInit                             0x080045f4   Section        0  system_stm32f4xx.o(i.SystemInit)
    i.TIM1_BRK_TIM9_IRQHandler               0x08004604   Section        0  stm32f4xx_it.o(i.TIM1_BRK_TIM9_IRQHandler)
    i.TIM1_CC_IRQHandler                     0x08004620   Section        0  stm32f4xx_it.o(i.TIM1_CC_IRQHandler)
    i.TIM1_TRG_COM_TIM11_IRQHandler          0x0800462c   Section        0  stm32f4xx_it.o(i.TIM1_TRG_COM_TIM11_IRQHandler)
    i.TIM1_UP_TIM10_IRQHandler               0x08004638   Section        0  stm32f4xx_it.o(i.TIM1_UP_TIM10_IRQHandler)
    i.TIM2_IRQHandler                        0x08004654   Section        0  stm32f4xx_it.o(i.TIM2_IRQHandler)
    i.TIM3_IRQHandler                        0x08004660   Section        0  stm32f4xx_it.o(i.TIM3_IRQHandler)
    i.TIM4_IRQHandler                        0x0800466c   Section        0  stm32f4xx_it.o(i.TIM4_IRQHandler)
    i.TIM8_UP_TIM13_IRQHandler               0x08004678   Section        0  stm32f4xx_it.o(i.TIM8_UP_TIM13_IRQHandler)
    i.TIM_Base_SetConfig                     0x08004694   Section        0  stm32f4xx_hal_tim.o(i.TIM_Base_SetConfig)
    i.TIM_CCxChannelCmd                      0x0800476c   Section        0  stm32f4xx_hal_tim.o(i.TIM_CCxChannelCmd)
    i.TIM_ETR_SetConfig                      0x08004786   Section        0  stm32f4xx_hal_tim.o(i.TIM_ETR_SetConfig)
    i.TIM_ITRx_SetConfig                     0x0800479a   Section        0  stm32f4xx_hal_tim.o(i.TIM_ITRx_SetConfig)
    TIM_ITRx_SetConfig                       0x0800479b   Thumb Code    16  stm32f4xx_hal_tim.o(i.TIM_ITRx_SetConfig)
    i.TIM_OC1_SetConfig                      0x080047ac   Section        0  stm32f4xx_hal_tim.o(i.TIM_OC1_SetConfig)
    TIM_OC1_SetConfig                        0x080047ad   Thumb Code    88  stm32f4xx_hal_tim.o(i.TIM_OC1_SetConfig)
    i.TIM_OC2_SetConfig                      0x0800480c   Section        0  stm32f4xx_hal_tim.o(i.TIM_OC2_SetConfig)
    i.TIM_OC3_SetConfig                      0x08004878   Section        0  stm32f4xx_hal_tim.o(i.TIM_OC3_SetConfig)
    TIM_OC3_SetConfig                        0x08004879   Thumb Code    96  stm32f4xx_hal_tim.o(i.TIM_OC3_SetConfig)
    i.TIM_OC4_SetConfig                      0x080048e0   Section        0  stm32f4xx_hal_tim.o(i.TIM_OC4_SetConfig)
    TIM_OC4_SetConfig                        0x080048e1   Thumb Code    70  stm32f4xx_hal_tim.o(i.TIM_OC4_SetConfig)
    i.TIM_TI1_ConfigInputStage               0x08004930   Section        0  stm32f4xx_hal_tim.o(i.TIM_TI1_ConfigInputStage)
    TIM_TI1_ConfigInputStage                 0x08004931   Thumb Code    34  stm32f4xx_hal_tim.o(i.TIM_TI1_ConfigInputStage)
    i.TIM_TI2_ConfigInputStage               0x08004952   Section        0  stm32f4xx_hal_tim.o(i.TIM_TI2_ConfigInputStage)
    TIM_TI2_ConfigInputStage                 0x08004953   Thumb Code    36  stm32f4xx_hal_tim.o(i.TIM_TI2_ConfigInputStage)
    i.Task_Run                               0x08004978   Section        0  task1.o(i.Task_Run)
    i.UART_DMAAbortOnError                   0x080049a8   Section        0  stm32f4xx_hal_uart.o(i.UART_DMAAbortOnError)
    UART_DMAAbortOnError                     0x080049a9   Thumb Code    16  stm32f4xx_hal_uart.o(i.UART_DMAAbortOnError)
    i.UART_DMAError                          0x080049b8   Section        0  stm32f4xx_hal_uart.o(i.UART_DMAError)
    UART_DMAError                            0x080049b9   Thumb Code    74  stm32f4xx_hal_uart.o(i.UART_DMAError)
    i.UART_DMAReceiveCplt                    0x08004a02   Section        0  stm32f4xx_hal_uart.o(i.UART_DMAReceiveCplt)
    UART_DMAReceiveCplt                      0x08004a03   Thumb Code   134  stm32f4xx_hal_uart.o(i.UART_DMAReceiveCplt)
    i.UART_DMARxHalfCplt                     0x08004a88   Section        0  stm32f4xx_hal_uart.o(i.UART_DMARxHalfCplt)
    UART_DMARxHalfCplt                       0x08004a89   Thumb Code    30  stm32f4xx_hal_uart.o(i.UART_DMARxHalfCplt)
    i.UART_EndRxTransfer                     0x08004aa6   Section        0  stm32f4xx_hal_uart.o(i.UART_EndRxTransfer)
    UART_EndRxTransfer                       0x08004aa7   Thumb Code    78  stm32f4xx_hal_uart.o(i.UART_EndRxTransfer)
    i.UART_EndTxTransfer                     0x08004af4   Section        0  stm32f4xx_hal_uart.o(i.UART_EndTxTransfer)
    UART_EndTxTransfer                       0x08004af5   Thumb Code    28  stm32f4xx_hal_uart.o(i.UART_EndTxTransfer)
    i.UART_Receive_IT                        0x08004b10   Section        0  stm32f4xx_hal_uart.o(i.UART_Receive_IT)
    UART_Receive_IT                          0x08004b11   Thumb Code   194  stm32f4xx_hal_uart.o(i.UART_Receive_IT)
    i.UART_SetConfig                         0x08004bd4   Section        0  stm32f4xx_hal_uart.o(i.UART_SetConfig)
    UART_SetConfig                           0x08004bd5   Thumb Code   258  stm32f4xx_hal_uart.o(i.UART_SetConfig)
    i.UART_Start_Receive_DMA                 0x08004ce0   Section        0  stm32f4xx_hal_uart.o(i.UART_Start_Receive_DMA)
    i.UART_WaitOnFlagUntilTimeout            0x08004d70   Section        0  stm32f4xx_hal_uart.o(i.UART_WaitOnFlagUntilTimeout)
    UART_WaitOnFlagUntilTimeout              0x08004d71   Thumb Code   114  stm32f4xx_hal_uart.o(i.UART_WaitOnFlagUntilTimeout)
    i.USART3_IRQHandler                      0x08004de4   Section        0  stm32f4xx_it.o(i.USART3_IRQHandler)
    i.Uart_Transmit_Task                     0x08004df0   Section        0  task1.o(i.Uart_Transmit_Task)
    i.UsageFault_Handler                     0x08004e64   Section        0  stm32f4xx_it.o(i.UsageFault_Handler)
    i.Usart1Printf                           0x08004e68   Section        0  task1.o(i.Usart1Printf)
    i._OLED_GetUTF8Len                       0x08004e94   Section        0  oled.o(i._OLED_GetUTF8Len)
    i.__0sprintf                             0x08004ec8   Section        0  printfa.o(i.__0sprintf)
    i.__0vsnprintf                           0x08004ef0   Section        0  printfa.o(i.__0vsnprintf)
    i.__NVIC_SetPriority                     0x08004f1c   Section        0  stm32f4xx_hal_cortex.o(i.__NVIC_SetPriority)
    __NVIC_SetPriority                       0x08004f1d   Thumb Code    32  stm32f4xx_hal_cortex.o(i.__NVIC_SetPriority)
    i.__hardfp_fmaxf                         0x08004f3c   Section        0  fmaxf.o(i.__hardfp_fmaxf)
    i.__hardfp_fminf                         0x08004f84   Section        0  fminf.o(i.__hardfp_fminf)
    i.__scatterload_copy                     0x08004fcc   Section       14  handlers.o(i.__scatterload_copy)
    i.__scatterload_null                     0x08004fda   Section        2  handlers.o(i.__scatterload_null)
    i.__scatterload_zeroinit                 0x08004fdc   Section       14  handlers.o(i.__scatterload_zeroinit)
    i._fp_digits                             0x08004fec   Section        0  printfa.o(i._fp_digits)
    _fp_digits                               0x08004fed   Thumb Code   366  printfa.o(i._fp_digits)
    i._printf_core                           0x08005170   Section        0  printfa.o(i._printf_core)
    _printf_core                             0x08005171   Thumb Code  1744  printfa.o(i._printf_core)
    i._printf_post_padding                   0x0800584c   Section        0  printfa.o(i._printf_post_padding)
    _printf_post_padding                     0x0800584d   Thumb Code    36  printfa.o(i._printf_post_padding)
    i._printf_pre_padding                    0x08005870   Section        0  printfa.o(i._printf_pre_padding)
    _printf_pre_padding                      0x08005871   Thumb Code    46  printfa.o(i._printf_pre_padding)
    i._snputc                                0x0800589e   Section        0  printfa.o(i._snputc)
    _snputc                                  0x0800589f   Thumb Code    22  printfa.o(i._snputc)
    i._sputc                                 0x080058b4   Section        0  printfa.o(i._sputc)
    _sputc                                   0x080058b5   Thumb Code    10  printfa.o(i._sputc)
    i.jy901p_ReceiveData                     0x080058c0   Section        0  imu.o(i.jy901p_ReceiveData)
    i.main                                   0x08005980   Section        0  main.o(i.main)
    .constdata                               0x080059e6   Section        8  stm32f4xx_hal_dma.o(.constdata)
    flagBitshiftOffset                       0x080059e6   Data           8  stm32f4xx_hal_dma.o(.constdata)
    .constdata                               0x080059ee   Section       16  system_stm32f4xx.o(.constdata)
    .constdata                               0x080059fe   Section        8  system_stm32f4xx.o(.constdata)
    .constdata                               0x08005a06   Section     1520  font.o(.constdata)
    .constdata                               0x08005ff8   Section        8  font.o(.constdata)
    .constdata                               0x08006000   Section      144  font.o(.constdata)
    .constdata                               0x08006090   Section       16  font.o(.constdata)
    .data                                    0x20000000   Section       12  stm32f4xx_hal.o(.data)
    .data                                    0x2000000c   Section        4  system_stm32f4xx.o(.data)
    .data                                    0x20000010   Section        6  key.o(.data)
    Key_Pressed                              0x20000011   Data           5  key.o(.data)
    .data                                    0x20000018   Section       44  motor.o(.data)
    .data                                    0x20000044   Section      316  motor.o(.data)
    rpm_lest                                 0x20000050   Data           4  motor.o(.data)
    .data                                    0x20000180   Section        4  oled.o(.data)
    temp                                     0x20000180   Data           1  oled.o(.data)
    temp                                     0x20000181   Data           1  oled.o(.data)
    sendBuffer                               0x20000182   Data           2  oled.o(.data)
    .data                                    0x20000184   Section       16  imu.o(.data)
    RxState                                  0x20000184   Data           1  imu.o(.data)
    RxIndex                                  0x20000185   Data           1  imu.o(.data)
    .data                                    0x20000194   Section       32  task1.o(.data)
    OLED_Task_Delay                          0x2000019c   Data           4  task1.o(.data)
    Key_Task_Delay                           0x200001a0   Data           4  task1.o(.data)
    Uart_Transmit_Task_Delay                 0x200001a4   Data           4  task1.o(.data)
    .bss                                     0x200001b4   Section       72  adc.o(.bss)
    .bss                                     0x200001fc   Section       40  can.o(.bss)
    .bss                                     0x20000224   Section      168  i2c.o(.bss)
    .bss                                     0x200002cc   Section       88  spi.o(.bss)
    .bss                                     0x20000324   Section      720  tim.o(.bss)
    .bss                                     0x200005f4   Section      456  usart.o(.bss)
    .bss                                     0x200007bc   Section       80  motor.o(.bss)
    .bss                                     0x2000080c   Section     1153  oled.o(.bss)
    sendBuffer                               0x2000080c   Data         129  oled.o(.bss)
    .bss                                     0x20000c8d   Section       11  imu.o(.bss)
    RxBuffer                                 0x20000c8d   Data          11  imu.o(.bss)
    .bss                                     0x20000c98   Section      100  task1.o(.bss)
    STACK                                    0x20000d00   Section     1024  startup_stm32f407xx.o(STACK)

    Global Symbols

    Symbol Name                              Value     Ov Type        Size  Object(Section)

    BuildAttributes$$THM_ISAv4$E$P$D$K$B$S$7EM$VFPi3$EXTD16$VFPS$VFMA$PE$A:L22UL41UL21$X:L11$S22US41US21$IEEE1$IW$USESV6$~STKCKD$USESV7$~SHL$OTIME$ROPI$IEEEJ$EBA8$MICROLIB$REQ8$PRES8$EABIv2 0x00000000   Number         0  anon$$obj.o ABSOLUTE
    __ARM_use_no_argv                        0x00000000   Number         0  main.o ABSOLUTE
    _printf_a                                0x00000000   Number         0  stubs.o ABSOLUTE
    _printf_c                                0x00000000   Number         0  stubs.o ABSOLUTE
    _printf_charcount                        0x00000000   Number         0  stubs.o ABSOLUTE
    _printf_d                                0x00000000   Number         0  stubs.o ABSOLUTE
    _printf_e                                0x00000000   Number         0  stubs.o ABSOLUTE
    _printf_f                                0x00000000   Number         0  stubs.o ABSOLUTE
    _printf_flags                            0x00000000   Number         0  stubs.o ABSOLUTE
    _printf_fp_dec                           0x00000000   Number         0  stubs.o ABSOLUTE
    _printf_fp_hex                           0x00000000   Number         0  stubs.o ABSOLUTE
    _printf_g                                0x00000000   Number         0  stubs.o ABSOLUTE
    _printf_i                                0x00000000   Number         0  stubs.o ABSOLUTE
    _printf_int_dec                          0x00000000   Number         0  stubs.o ABSOLUTE
    _printf_l                                0x00000000   Number         0  stubs.o ABSOLUTE
    _printf_lc                               0x00000000   Number         0  stubs.o ABSOLUTE
    _printf_ll                               0x00000000   Number         0  stubs.o ABSOLUTE
    _printf_lld                              0x00000000   Number         0  stubs.o ABSOLUTE
    _printf_lli                              0x00000000   Number         0  stubs.o ABSOLUTE
    _printf_llo                              0x00000000   Number         0  stubs.o ABSOLUTE
    _printf_llu                              0x00000000   Number         0  stubs.o ABSOLUTE
    _printf_llx                              0x00000000   Number         0  stubs.o ABSOLUTE
    _printf_longlong_dec                     0x00000000   Number         0  stubs.o ABSOLUTE
    _printf_longlong_hex                     0x00000000   Number         0  stubs.o ABSOLUTE
    _printf_longlong_oct                     0x00000000   Number         0  stubs.o ABSOLUTE
    _printf_ls                               0x00000000   Number         0  stubs.o ABSOLUTE
    _printf_mbtowc                           0x00000000   Number         0  stubs.o ABSOLUTE
    _printf_n                                0x00000000   Number         0  stubs.o ABSOLUTE
    _printf_o                                0x00000000   Number         0  stubs.o ABSOLUTE
    _printf_p                                0x00000000   Number         0  stubs.o ABSOLUTE
    _printf_percent                          0x00000000   Number         0  stubs.o ABSOLUTE
    _printf_pre_padding                      0x00000000   Number         0  stubs.o ABSOLUTE
    _printf_return_value                     0x00000000   Number         0  stubs.o ABSOLUTE
    _printf_s                                0x00000000   Number         0  stubs.o ABSOLUTE
    _printf_sizespec                         0x00000000   Number         0  stubs.o ABSOLUTE
    _printf_str                              0x00000000   Number         0  stubs.o ABSOLUTE
    _printf_truncate_signed                  0x00000000   Number         0  stubs.o ABSOLUTE
    _printf_truncate_unsigned                0x00000000   Number         0  stubs.o ABSOLUTE
    _printf_u                                0x00000000   Number         0  stubs.o ABSOLUTE
    _printf_wc                               0x00000000   Number         0  stubs.o ABSOLUTE
    _printf_wctomb                           0x00000000   Number         0  stubs.o ABSOLUTE
    _printf_widthprec                        0x00000000   Number         0  stubs.o ABSOLUTE
    _printf_x                                0x00000000   Number         0  stubs.o ABSOLUTE
    __cpp_initialize__aeabi_                  - Undefined Weak Reference
    __cxa_finalize                            - Undefined Weak Reference
    _clock_init                               - Undefined Weak Reference
    _microlib_exit                            - Undefined Weak Reference
    __Vectors_Size                           0x00000188   Number         0  startup_stm32f407xx.o ABSOLUTE
    __Vectors                                0x08000000   Data           4  startup_stm32f407xx.o(RESET)
    __Vectors_End                            0x08000188   Data           0  startup_stm32f407xx.o(RESET)
    __main                                   0x08000189   Thumb Code     0  entry.o(.ARM.Collect$$$$00000000)
    _main_stk                                0x08000189   Thumb Code     0  entry2.o(.ARM.Collect$$$$00000001)
    _main_scatterload                        0x0800018d   Thumb Code     0  entry5.o(.ARM.Collect$$$$00000004)
    __main_after_scatterload                 0x08000191   Thumb Code     0  entry5.o(.ARM.Collect$$$$00000004)
    _main_clock                              0x08000191   Thumb Code     0  entry7b.o(.ARM.Collect$$$$00000008)
    _main_cpp_init                           0x08000191   Thumb Code     0  entry8b.o(.ARM.Collect$$$$0000000A)
    _main_init                               0x08000191   Thumb Code     0  entry9a.o(.ARM.Collect$$$$0000000B)
    __rt_final_cpp                           0x08000199   Thumb Code     0  entry10a.o(.ARM.Collect$$$$0000000D)
    __rt_final_exit                          0x08000199   Thumb Code     0  entry11a.o(.ARM.Collect$$$$0000000F)
    Reset_Handler                            0x0800019d   Thumb Code     8  startup_stm32f407xx.o(.text)
    ADC_IRQHandler                           0x080001b7   Thumb Code     0  startup_stm32f407xx.o(.text)
    CAN1_RX0_IRQHandler                      0x080001b7   Thumb Code     0  startup_stm32f407xx.o(.text)
    CAN1_RX1_IRQHandler                      0x080001b7   Thumb Code     0  startup_stm32f407xx.o(.text)
    CAN1_SCE_IRQHandler                      0x080001b7   Thumb Code     0  startup_stm32f407xx.o(.text)
    CAN1_TX_IRQHandler                       0x080001b7   Thumb Code     0  startup_stm32f407xx.o(.text)
    CAN2_RX0_IRQHandler                      0x080001b7   Thumb Code     0  startup_stm32f407xx.o(.text)
    CAN2_RX1_IRQHandler                      0x080001b7   Thumb Code     0  startup_stm32f407xx.o(.text)
    CAN2_SCE_IRQHandler                      0x080001b7   Thumb Code     0  startup_stm32f407xx.o(.text)
    CAN2_TX_IRQHandler                       0x080001b7   Thumb Code     0  startup_stm32f407xx.o(.text)
    DCMI_IRQHandler                          0x080001b7   Thumb Code     0  startup_stm32f407xx.o(.text)
    DMA1_Stream0_IRQHandler                  0x080001b7   Thumb Code     0  startup_stm32f407xx.o(.text)
    DMA1_Stream2_IRQHandler                  0x080001b7   Thumb Code     0  startup_stm32f407xx.o(.text)
    DMA1_Stream3_IRQHandler                  0x080001b7   Thumb Code     0  startup_stm32f407xx.o(.text)
    DMA1_Stream4_IRQHandler                  0x080001b7   Thumb Code     0  startup_stm32f407xx.o(.text)
    DMA1_Stream5_IRQHandler                  0x080001b7   Thumb Code     0  startup_stm32f407xx.o(.text)
    DMA1_Stream6_IRQHandler                  0x080001b7   Thumb Code     0  startup_stm32f407xx.o(.text)
    DMA1_Stream7_IRQHandler                  0x080001b7   Thumb Code     0  startup_stm32f407xx.o(.text)
    DMA2_Stream0_IRQHandler                  0x080001b7   Thumb Code     0  startup_stm32f407xx.o(.text)
    DMA2_Stream1_IRQHandler                  0x080001b7   Thumb Code     0  startup_stm32f407xx.o(.text)
    DMA2_Stream2_IRQHandler                  0x080001b7   Thumb Code     0  startup_stm32f407xx.o(.text)
    DMA2_Stream3_IRQHandler                  0x080001b7   Thumb Code     0  startup_stm32f407xx.o(.text)
    DMA2_Stream4_IRQHandler                  0x080001b7   Thumb Code     0  startup_stm32f407xx.o(.text)
    DMA2_Stream5_IRQHandler                  0x080001b7   Thumb Code     0  startup_stm32f407xx.o(.text)
    DMA2_Stream6_IRQHandler                  0x080001b7   Thumb Code     0  startup_stm32f407xx.o(.text)
    DMA2_Stream7_IRQHandler                  0x080001b7   Thumb Code     0  startup_stm32f407xx.o(.text)
    ETH_IRQHandler                           0x080001b7   Thumb Code     0  startup_stm32f407xx.o(.text)
    ETH_WKUP_IRQHandler                      0x080001b7   Thumb Code     0  startup_stm32f407xx.o(.text)
    EXTI0_IRQHandler                         0x080001b7   Thumb Code     0  startup_stm32f407xx.o(.text)
    EXTI15_10_IRQHandler                     0x080001b7   Thumb Code     0  startup_stm32f407xx.o(.text)
    EXTI1_IRQHandler                         0x080001b7   Thumb Code     0  startup_stm32f407xx.o(.text)
    EXTI2_IRQHandler                         0x080001b7   Thumb Code     0  startup_stm32f407xx.o(.text)
    EXTI3_IRQHandler                         0x080001b7   Thumb Code     0  startup_stm32f407xx.o(.text)
    EXTI4_IRQHandler                         0x080001b7   Thumb Code     0  startup_stm32f407xx.o(.text)
    EXTI9_5_IRQHandler                       0x080001b7   Thumb Code     0  startup_stm32f407xx.o(.text)
    FLASH_IRQHandler                         0x080001b7   Thumb Code     0  startup_stm32f407xx.o(.text)
    FMC_IRQHandler                           0x080001b7   Thumb Code     0  startup_stm32f407xx.o(.text)
    FPU_IRQHandler                           0x080001b7   Thumb Code     0  startup_stm32f407xx.o(.text)
    HASH_RNG_IRQHandler                      0x080001b7   Thumb Code     0  startup_stm32f407xx.o(.text)
    I2C1_ER_IRQHandler                       0x080001b7   Thumb Code     0  startup_stm32f407xx.o(.text)
    I2C1_EV_IRQHandler                       0x080001b7   Thumb Code     0  startup_stm32f407xx.o(.text)
    I2C2_ER_IRQHandler                       0x080001b7   Thumb Code     0  startup_stm32f407xx.o(.text)
    I2C2_EV_IRQHandler                       0x080001b7   Thumb Code     0  startup_stm32f407xx.o(.text)
    I2C3_ER_IRQHandler                       0x080001b7   Thumb Code     0  startup_stm32f407xx.o(.text)
    I2C3_EV_IRQHandler                       0x080001b7   Thumb Code     0  startup_stm32f407xx.o(.text)
    OTG_FS_IRQHandler                        0x080001b7   Thumb Code     0  startup_stm32f407xx.o(.text)
    OTG_FS_WKUP_IRQHandler                   0x080001b7   Thumb Code     0  startup_stm32f407xx.o(.text)
    OTG_HS_EP1_IN_IRQHandler                 0x080001b7   Thumb Code     0  startup_stm32f407xx.o(.text)
    OTG_HS_EP1_OUT_IRQHandler                0x080001b7   Thumb Code     0  startup_stm32f407xx.o(.text)
    OTG_HS_IRQHandler                        0x080001b7   Thumb Code     0  startup_stm32f407xx.o(.text)
    OTG_HS_WKUP_IRQHandler                   0x080001b7   Thumb Code     0  startup_stm32f407xx.o(.text)
    PVD_IRQHandler                           0x080001b7   Thumb Code     0  startup_stm32f407xx.o(.text)
    RCC_IRQHandler                           0x080001b7   Thumb Code     0  startup_stm32f407xx.o(.text)
    RTC_Alarm_IRQHandler                     0x080001b7   Thumb Code     0  startup_stm32f407xx.o(.text)
    RTC_WKUP_IRQHandler                      0x080001b7   Thumb Code     0  startup_stm32f407xx.o(.text)
    SDIO_IRQHandler                          0x080001b7   Thumb Code     0  startup_stm32f407xx.o(.text)
    SPI1_IRQHandler                          0x080001b7   Thumb Code     0  startup_stm32f407xx.o(.text)
    SPI2_IRQHandler                          0x080001b7   Thumb Code     0  startup_stm32f407xx.o(.text)
    SPI3_IRQHandler                          0x080001b7   Thumb Code     0  startup_stm32f407xx.o(.text)
    TAMP_STAMP_IRQHandler                    0x080001b7   Thumb Code     0  startup_stm32f407xx.o(.text)
    TIM5_IRQHandler                          0x080001b7   Thumb Code     0  startup_stm32f407xx.o(.text)
    TIM6_DAC_IRQHandler                      0x080001b7   Thumb Code     0  startup_stm32f407xx.o(.text)
    TIM7_IRQHandler                          0x080001b7   Thumb Code     0  startup_stm32f407xx.o(.text)
    TIM8_BRK_TIM12_IRQHandler                0x080001b7   Thumb Code     0  startup_stm32f407xx.o(.text)
    TIM8_CC_IRQHandler                       0x080001b7   Thumb Code     0  startup_stm32f407xx.o(.text)
    TIM8_TRG_COM_TIM14_IRQHandler            0x080001b7   Thumb Code     0  startup_stm32f407xx.o(.text)
    UART4_IRQHandler                         0x080001b7   Thumb Code     0  startup_stm32f407xx.o(.text)
    UART5_IRQHandler                         0x080001b7   Thumb Code     0  startup_stm32f407xx.o(.text)
    USART1_IRQHandler                        0x080001b7   Thumb Code     0  startup_stm32f407xx.o(.text)
    USART2_IRQHandler                        0x080001b7   Thumb Code     0  startup_stm32f407xx.o(.text)
    USART6_IRQHandler                        0x080001b7   Thumb Code     0  startup_stm32f407xx.o(.text)
    WWDG_IRQHandler                          0x080001b7   Thumb Code     0  startup_stm32f407xx.o(.text)
    __aeabi_uldivmod                         0x080001c1   Thumb Code    98  uldiv.o(.text)
    __aeabi_memcpy                           0x08000223   Thumb Code    36  memcpya.o(.text)
    __aeabi_memcpy4                          0x08000223   Thumb Code     0  memcpya.o(.text)
    __aeabi_memcpy8                          0x08000223   Thumb Code     0  memcpya.o(.text)
    __aeabi_memset                           0x08000247   Thumb Code    14  memseta.o(.text)
    __aeabi_memset4                          0x08000247   Thumb Code     0  memseta.o(.text)
    __aeabi_memset8                          0x08000247   Thumb Code     0  memseta.o(.text)
    __aeabi_memclr                           0x08000255   Thumb Code     4  memseta.o(.text)
    __aeabi_memclr4                          0x08000255   Thumb Code     0  memseta.o(.text)
    __aeabi_memclr8                          0x08000255   Thumb Code     0  memseta.o(.text)
    _memset$wrapper                          0x08000259   Thumb Code    18  memseta.o(.text)
    memcmp                                   0x0800026b   Thumb Code    26  memcmp.o(.text)
    __aeabi_dadd                             0x08000285   Thumb Code   322  dadd.o(.text)
    __aeabi_dsub                             0x080003c7   Thumb Code     6  dadd.o(.text)
    __aeabi_drsub                            0x080003cd   Thumb Code     6  dadd.o(.text)
    __aeabi_dmul                             0x080003d3   Thumb Code   228  dmul.o(.text)
    __aeabi_f2d                              0x080004b7   Thumb Code    38  f2d.o(.text)
    __aeabi_d2f                              0x080004dd   Thumb Code    56  d2f.o(.text)
    __aeabi_uidiv                            0x08000515   Thumb Code     0  uidiv.o(.text)
    __aeabi_uidivmod                         0x08000515   Thumb Code    44  uidiv.o(.text)
    __aeabi_llsl                             0x08000541   Thumb Code    30  llshl.o(.text)
    _ll_shift_l                              0x08000541   Thumb Code     0  llshl.o(.text)
    __aeabi_llsr                             0x0800055f   Thumb Code    32  llushr.o(.text)
    _ll_ushift_r                             0x0800055f   Thumb Code     0  llushr.o(.text)
    __aeabi_lasr                             0x0800057f   Thumb Code    36  llsshr.o(.text)
    _ll_sshift_r                             0x0800057f   Thumb Code     0  llsshr.o(.text)
    __I$use$fp                               0x080005a3   Thumb Code     0  iusefp.o(.text)
    _float_round                             0x080005a3   Thumb Code    18  fepilogue.o(.text)
    _float_epilogue                          0x080005b5   Thumb Code    92  fepilogue.o(.text)
    _double_round                            0x08000611   Thumb Code    30  depilogue.o(.text)
    _double_epilogue                         0x0800062f   Thumb Code   156  depilogue.o(.text)
    __aeabi_ddiv                             0x080006cb   Thumb Code   222  ddiv.o(.text)
    __aeabi_d2ulz                            0x080007a9   Thumb Code    48  dfixul.o(.text)
    __aeabi_cdrcmple                         0x080007d9   Thumb Code    48  cdrcmple.o(.text)
    __ARM_fcmp4                              0x08000809   Thumb Code    54  fcmp4.o(.text)
    _fcmp4                                   0x08000809   Thumb Code     0  fcmp4.o(.text)
    __scatterload                            0x08000841   Thumb Code    28  init.o(.text)
    __scatterload_rt2                        0x08000841   Thumb Code     0  init.o(.text)
    __decompress                             0x08000865   Thumb Code     0  __dczerorl2.o(.text)
    __decompress1                            0x08000865   Thumb Code    86  __dczerorl2.o(.text)
    BusFault_Handler                         0x080009e5   Thumb Code     2  stm32f4xx_it.o(i.BusFault_Handler)
    DMA1_Stream1_IRQHandler                  0x080009e9   Thumb Code     6  stm32f4xx_it.o(i.DMA1_Stream1_IRQHandler)
    DebugMon_Handler                         0x08000a99   Thumb Code     2  stm32f4xx_it.o(i.DebugMon_Handler)
    Encoder_GetSpeed                         0x08000a9d   Thumb Code   152  motor.o(i.Encoder_GetSpeed)
    Error_Handler                            0x08000b59   Thumb Code     4  main.o(i.Error_Handler)
    HAL_ADC_ConfigChannel                    0x08000b5d   Thumb Code   316  stm32f4xx_hal_adc.o(i.HAL_ADC_ConfigChannel)
    HAL_ADC_Init                             0x08000ca9   Thumb Code    84  stm32f4xx_hal_adc.o(i.HAL_ADC_Init)
    HAL_ADC_MspInit                          0x08000cfd   Thumb Code   142  adc.o(i.HAL_ADC_MspInit)
    HAL_CAN_Init                             0x08000da1   Thumb Code   282  stm32f4xx_hal_can.o(i.HAL_CAN_Init)
    HAL_CAN_MspInit                          0x08000ebd   Thumb Code    94  can.o(i.HAL_CAN_MspInit)
    HAL_DMA_Abort                            0x08000f29   Thumb Code   146  stm32f4xx_hal_dma.o(i.HAL_DMA_Abort)
    HAL_DMA_Abort_IT                         0x08000fbb   Thumb Code    36  stm32f4xx_hal_dma.o(i.HAL_DMA_Abort_IT)
    HAL_DMA_IRQHandler                       0x08000fe1   Thumb Code   412  stm32f4xx_hal_dma.o(i.HAL_DMA_IRQHandler)
    HAL_DMA_Init                             0x08001181   Thumb Code   206  stm32f4xx_hal_dma.o(i.HAL_DMA_Init)
    HAL_DMA_Start_IT                         0x08001255   Thumb Code   110  stm32f4xx_hal_dma.o(i.HAL_DMA_Start_IT)
    HAL_GPIO_Init                            0x080012c5   Thumb Code   450  stm32f4xx_hal_gpio.o(i.HAL_GPIO_Init)
    HAL_GPIO_ReadPin                         0x080014b5   Thumb Code    10  stm32f4xx_hal_gpio.o(i.HAL_GPIO_ReadPin)
    HAL_GPIO_TogglePin                       0x080014bf   Thumb Code    16  stm32f4xx_hal_gpio.o(i.HAL_GPIO_TogglePin)
    HAL_GPIO_WritePin                        0x080014cf   Thumb Code    10  stm32f4xx_hal_gpio.o(i.HAL_GPIO_WritePin)
    HAL_GetTick                              0x080014d9   Thumb Code     6  stm32f4xx_hal.o(i.HAL_GetTick)
    HAL_I2C_Init                             0x080014e5   Thumb Code   376  stm32f4xx_hal_i2c.o(i.HAL_I2C_Init)
    HAL_I2C_Master_Transmit                  0x0800166d   Thumb Code   290  stm32f4xx_hal_i2c.o(i.HAL_I2C_Master_Transmit)
    HAL_I2C_MspInit                          0x08001799   Thumb Code   154  i2c.o(i.HAL_I2C_MspInit)
    HAL_IncTick                              0x08001845   Thumb Code    12  stm32f4xx_hal.o(i.HAL_IncTick)
    HAL_Init                                 0x08001855   Thumb Code    48  stm32f4xx_hal.o(i.HAL_Init)
    HAL_InitTick                             0x08001889   Thumb Code    54  stm32f4xx_hal.o(i.HAL_InitTick)
    HAL_MspInit                              0x080018c9   Thumb Code    42  stm32f4xx_hal_msp.o(i.HAL_MspInit)
    HAL_NVIC_EnableIRQ                       0x080018f9   Thumb Code    26  stm32f4xx_hal_cortex.o(i.HAL_NVIC_EnableIRQ)
    HAL_NVIC_SetPriority                     0x08001915   Thumb Code    60  stm32f4xx_hal_cortex.o(i.HAL_NVIC_SetPriority)
    HAL_NVIC_SetPriorityGrouping             0x08001955   Thumb Code    26  stm32f4xx_hal_cortex.o(i.HAL_NVIC_SetPriorityGrouping)
    HAL_RCC_ClockConfig                      0x08001979   Thumb Code   288  stm32f4xx_hal_rcc.o(i.HAL_RCC_ClockConfig)
    HAL_RCC_GetPCLK1Freq                     0x08001aad   Thumb Code    20  stm32f4xx_hal_rcc.o(i.HAL_RCC_GetPCLK1Freq)
    HAL_RCC_GetPCLK2Freq                     0x08001acd   Thumb Code    20  stm32f4xx_hal_rcc.o(i.HAL_RCC_GetPCLK2Freq)
    HAL_RCC_GetSysClockFreq                  0x08001aed   Thumb Code    88  stm32f4xx_hal_rcc.o(i.HAL_RCC_GetSysClockFreq)
    HAL_RCC_OscConfig                        0x08001b51   Thumb Code   856  stm32f4xx_hal_rcc.o(i.HAL_RCC_OscConfig)
    HAL_SPI_Init                             0x08001ebd   Thumb Code   188  stm32f4xx_hal_spi.o(i.HAL_SPI_Init)
    HAL_SPI_MspInit                          0x08001f79   Thumb Code    92  spi.o(i.HAL_SPI_MspInit)
    HAL_SYSTICK_Config                       0x08001fe1   Thumb Code    40  stm32f4xx_hal_cortex.o(i.HAL_SYSTICK_Config)
    HAL_TIMEx_BreakCallback                  0x08002009   Thumb Code     2  stm32f4xx_hal_tim_ex.o(i.HAL_TIMEx_BreakCallback)
    HAL_TIMEx_CommutCallback                 0x0800200b   Thumb Code     2  stm32f4xx_hal_tim_ex.o(i.HAL_TIMEx_CommutCallback)
    HAL_TIMEx_ConfigBreakDeadTime            0x0800200d   Thumb Code    84  stm32f4xx_hal_tim_ex.o(i.HAL_TIMEx_ConfigBreakDeadTime)
    HAL_TIMEx_MasterConfigSynchronization    0x08002061   Thumb Code   116  stm32f4xx_hal_tim_ex.o(i.HAL_TIMEx_MasterConfigSynchronization)
    HAL_TIM_Base_Init                        0x080020f1   Thumb Code    90  stm32f4xx_hal_tim.o(i.HAL_TIM_Base_Init)
    HAL_TIM_Base_MspInit                     0x0800214d   Thumb Code   192  tim.o(i.HAL_TIM_Base_MspInit)
    HAL_TIM_Base_Start_IT                    0x08002229   Thumb Code   100  stm32f4xx_hal_tim.o(i.HAL_TIM_Base_Start_IT)
    HAL_TIM_ConfigClockSource                0x080022a9   Thumb Code   220  stm32f4xx_hal_tim.o(i.HAL_TIM_ConfigClockSource)
    HAL_TIM_Encoder_Init                     0x08002385   Thumb Code   164  stm32f4xx_hal_tim.o(i.HAL_TIM_Encoder_Init)
    HAL_TIM_Encoder_MspInit                  0x08002429   Thumb Code   398  tim.o(i.HAL_TIM_Encoder_MspInit)
    HAL_TIM_Encoder_Start                    0x080025d9   Thumb Code   142  stm32f4xx_hal_tim.o(i.HAL_TIM_Encoder_Start)
    HAL_TIM_GenerateEvent                    0x08002667   Thumb Code    38  stm32f4xx_hal_tim.o(i.HAL_TIM_GenerateEvent)
    HAL_TIM_IC_CaptureCallback               0x0800268d   Thumb Code     2  stm32f4xx_hal_tim.o(i.HAL_TIM_IC_CaptureCallback)
    HAL_TIM_IRQHandler                       0x0800268f   Thumb Code   304  stm32f4xx_hal_tim.o(i.HAL_TIM_IRQHandler)
    HAL_TIM_MspPostInit                      0x080027c1   Thumb Code   226  tim.o(i.HAL_TIM_MspPostInit)
    HAL_TIM_OC_DelayElapsedCallback          0x080028cd   Thumb Code     2  stm32f4xx_hal_tim.o(i.HAL_TIM_OC_DelayElapsedCallback)
    HAL_TIM_PWM_ConfigChannel                0x080028cf   Thumb Code   204  stm32f4xx_hal_tim.o(i.HAL_TIM_PWM_ConfigChannel)
    HAL_TIM_PWM_Init                         0x0800299b   Thumb Code    90  stm32f4xx_hal_tim.o(i.HAL_TIM_PWM_Init)
    HAL_TIM_PWM_MspInit                      0x080029f5   Thumb Code     2  stm32f4xx_hal_tim.o(i.HAL_TIM_PWM_MspInit)
    HAL_TIM_PWM_PulseFinishedCallback        0x080029f7   Thumb Code     2  stm32f4xx_hal_tim.o(i.HAL_TIM_PWM_PulseFinishedCallback)
    HAL_TIM_PWM_Start                        0x080029f9   Thumb Code   172  stm32f4xx_hal_tim.o(i.HAL_TIM_PWM_Start)
    HAL_TIM_PeriodElapsedCallback            0x08002ac1   Thumb Code   138  motor.o(i.HAL_TIM_PeriodElapsedCallback)
    HAL_TIM_TriggerCallback                  0x08002b59   Thumb Code     2  stm32f4xx_hal_tim.o(i.HAL_TIM_TriggerCallback)
    HAL_UARTEx_RxEventCallback               0x08002b5b   Thumb Code     2  stm32f4xx_hal_uart.o(i.HAL_UARTEx_RxEventCallback)
    HAL_UART_ErrorCallback                   0x08002b5d   Thumb Code     2  stm32f4xx_hal_uart.o(i.HAL_UART_ErrorCallback)
    HAL_UART_IRQHandler                      0x08002b61   Thumb Code   618  stm32f4xx_hal_uart.o(i.HAL_UART_IRQHandler)
    HAL_UART_Init                            0x08002dd1   Thumb Code   100  stm32f4xx_hal_uart.o(i.HAL_UART_Init)
    HAL_UART_MspInit                         0x08002e35   Thumb Code   456  usart.o(i.HAL_UART_MspInit)
    HAL_UART_Receive_DMA                     0x08003029   Thumb Code    28  stm32f4xx_hal_uart.o(i.HAL_UART_Receive_DMA)
    HAL_UART_RxCpltCallback                  0x08003045   Thumb Code    34  imu.o(i.HAL_UART_RxCpltCallback)
    HAL_UART_RxHalfCpltCallback              0x08003075   Thumb Code     2  stm32f4xx_hal_uart.o(i.HAL_UART_RxHalfCpltCallback)
    HAL_UART_Transmit                        0x08003077   Thumb Code   160  stm32f4xx_hal_uart.o(i.HAL_UART_Transmit)
    HAL_UART_TxCpltCallback                  0x08003117   Thumb Code     2  stm32f4xx_hal_uart.o(i.HAL_UART_TxCpltCallback)
    HardFault_Handler                        0x08003119   Thumb Code     2  stm32f4xx_it.o(i.HardFault_Handler)
    IMU_Init                                 0x080033e1   Thumb Code    10  imu.o(i.IMU_Init)
    Key_GetNum                               0x080033f5   Thumb Code    66  key.o(i.Key_GetNum)
    Key_Scan                                 0x08003441   Thumb Code    52  key.o(i.Key_Scan)
    Key_Task                                 0x08003479   Thumb Code   162  task1.o(i.Key_Task)
    MX_ADC1_Init                             0x08003525   Thumb Code    88  adc.o(i.MX_ADC1_Init)
    MX_CAN1_Init                             0x08003589   Thumb Code    52  can.o(i.MX_CAN1_Init)
    MX_DMA_Init                              0x080035c5   Thumb Code    40  dma.o(i.MX_DMA_Init)
    MX_GPIO_Init                             0x080035f1   Thumb Code   214  gpio.o(i.MX_GPIO_Init)
    MX_I2C1_Init                             0x080036dd   Thumb Code    50  i2c.o(i.MX_I2C1_Init)
    MX_I2C2_Init                             0x0800371d   Thumb Code    50  i2c.o(i.MX_I2C2_Init)
    MX_SPI1_Init                             0x0800375d   Thumb Code    60  spi.o(i.MX_SPI1_Init)
    MX_TIM10_Init                            0x080037a1   Thumb Code    92  tim.o(i.MX_TIM10_Init)
    MX_TIM12_Init                            0x08003805   Thumb Code   136  tim.o(i.MX_TIM12_Init)
    MX_TIM13_Init                            0x08003895   Thumb Code    46  tim.o(i.MX_TIM13_Init)
    MX_TIM1_Init                             0x080038cd   Thumb Code   100  tim.o(i.MX_TIM1_Init)
    MX_TIM2_Init                             0x08003939   Thumb Code   100  tim.o(i.MX_TIM2_Init)
    MX_TIM3_Init                             0x080039a1   Thumb Code    98  tim.o(i.MX_TIM3_Init)
    MX_TIM4_Init                             0x08003a0d   Thumb Code    98  tim.o(i.MX_TIM4_Init)
    MX_TIM5_Init                             0x08003a79   Thumb Code   194  tim.o(i.MX_TIM5_Init)
    MX_TIM8_Init                             0x08003b45   Thumb Code   242  tim.o(i.MX_TIM8_Init)
    MX_TIM9_Init                             0x08003c41   Thumb Code   136  tim.o(i.MX_TIM9_Init)
    MX_UART4_Init                            0x08003cd1   Thumb Code    48  usart.o(i.MX_UART4_Init)
    MX_UART5_Init                            0x08003d09   Thumb Code    48  usart.o(i.MX_UART5_Init)
    MX_USART1_UART_Init                      0x08003d41   Thumb Code    48  usart.o(i.MX_USART1_UART_Init)
    MX_USART2_UART_Init                      0x08003d79   Thumb Code    48  usart.o(i.MX_USART2_UART_Init)
    MX_USART3_UART_Init                      0x08003db1   Thumb Code    48  usart.o(i.MX_USART3_UART_Init)
    MemManage_Handler                        0x08003de9   Thumb Code     2  stm32f4xx_it.o(i.MemManage_Handler)
    Motor_Init                               0x08003ded   Thumb Code    48  motor.o(i.Motor_Init)
    Motor_SetSpeed                           0x08003e21   Thumb Code     6  motor.o(i.Motor_SetSpeed)
    Motor_Task                               0x08003e29   Thumb Code    30  task1.o(i.Motor_Task)
    Motor_UpdataSpeed                        0x08003e55   Thumb Code   244  motor.o(i.Motor_UpdataSpeed)
    NMI_Handler                              0x08003f55   Thumb Code     2  stm32f4xx_it.o(i.NMI_Handler)
    OLED_Init                                0x08003f57   Thumb Code   182  oled.o(i.OLED_Init)
    OLED_NewFrame                            0x0800400d   Thumb Code    10  oled.o(i.OLED_NewFrame)
    OLED_PrintASCIIChar                      0x0800401d   Thumb Code    34  oled.o(i.OLED_PrintASCIIChar)
    OLED_PrintFloatNum                       0x08004041   Thumb Code    54  oled.o(i.OLED_PrintFloatNum)
    OLED_PrintNum                            0x08004081   Thumb Code    38  oled.o(i.OLED_PrintNum)
    OLED_PrintString                         0x080040ad   Thumb Code   184  oled.o(i.OLED_PrintString)
    OLED_Send                                0x08004165   Thumb Code    22  oled.o(i.OLED_Send)
    OLED_SendCmd                             0x08004181   Thumb Code    12  oled.o(i.OLED_SendCmd)
    OLED_SetBits                             0x08004191   Thumb Code    72  oled.o(i.OLED_SetBits)
    OLED_SetBits_Fine                        0x080041d9   Thumb Code   104  oled.o(i.OLED_SetBits_Fine)
    OLED_SetBlock                            0x08004241   Thumb Code   136  oled.o(i.OLED_SetBlock)
    OLED_SetByte_Fine                        0x080042c9   Thumb Code    64  oled.o(i.OLED_SetByte_Fine)
    OLED_ShowFrame                           0x08004311   Thumb Code    68  oled.o(i.OLED_ShowFrame)
    OLED_Task                                0x08004359   Thumb Code   186  task1.o(i.OLED_Task)
    PID_Calculate                            0x08004435   Thumb Code   276  pid.o(i.PID_Calculate)
    PendSV_Handler                           0x08004555   Thumb Code     2  stm32f4xx_it.o(i.PendSV_Handler)
    SVC_Handler                              0x08004557   Thumb Code     2  stm32f4xx_it.o(i.SVC_Handler)
    SysTick_Handler                          0x08004559   Thumb Code     4  stm32f4xx_it.o(i.SysTick_Handler)
    SystemClock_Config                       0x0800455d   Thumb Code   142  main.o(i.SystemClock_Config)
    SystemInit                               0x080045f5   Thumb Code    12  system_stm32f4xx.o(i.SystemInit)
    TIM1_BRK_TIM9_IRQHandler                 0x08004605   Thumb Code    18  stm32f4xx_it.o(i.TIM1_BRK_TIM9_IRQHandler)
    TIM1_CC_IRQHandler                       0x08004621   Thumb Code     6  stm32f4xx_it.o(i.TIM1_CC_IRQHandler)
    TIM1_TRG_COM_TIM11_IRQHandler            0x0800462d   Thumb Code     6  stm32f4xx_it.o(i.TIM1_TRG_COM_TIM11_IRQHandler)
    TIM1_UP_TIM10_IRQHandler                 0x08004639   Thumb Code    18  stm32f4xx_it.o(i.TIM1_UP_TIM10_IRQHandler)
    TIM2_IRQHandler                          0x08004655   Thumb Code     6  stm32f4xx_it.o(i.TIM2_IRQHandler)
    TIM3_IRQHandler                          0x08004661   Thumb Code     6  stm32f4xx_it.o(i.TIM3_IRQHandler)
    TIM4_IRQHandler                          0x0800466d   Thumb Code     6  stm32f4xx_it.o(i.TIM4_IRQHandler)
    TIM8_UP_TIM13_IRQHandler                 0x08004679   Thumb Code    18  stm32f4xx_it.o(i.TIM8_UP_TIM13_IRQHandler)
    TIM_Base_SetConfig                       0x08004695   Thumb Code   170  stm32f4xx_hal_tim.o(i.TIM_Base_SetConfig)
    TIM_CCxChannelCmd                        0x0800476d   Thumb Code    26  stm32f4xx_hal_tim.o(i.TIM_CCxChannelCmd)
    TIM_ETR_SetConfig                        0x08004787   Thumb Code    20  stm32f4xx_hal_tim.o(i.TIM_ETR_SetConfig)
    TIM_OC2_SetConfig                        0x0800480d   Thumb Code    98  stm32f4xx_hal_tim.o(i.TIM_OC2_SetConfig)
    Task_Run                                 0x08004979   Thumb Code    42  task1.o(i.Task_Run)
    UART_Start_Receive_DMA                   0x08004ce1   Thumb Code   130  stm32f4xx_hal_uart.o(i.UART_Start_Receive_DMA)
    USART3_IRQHandler                        0x08004de5   Thumb Code     6  stm32f4xx_it.o(i.USART3_IRQHandler)
    Uart_Transmit_Task                       0x08004df1   Thumb Code    82  task1.o(i.Uart_Transmit_Task)
    UsageFault_Handler                       0x08004e65   Thumb Code     2  stm32f4xx_it.o(i.UsageFault_Handler)
    Usart1Printf                             0x08004e69   Thumb Code    36  task1.o(i.Usart1Printf)
    _OLED_GetUTF8Len                         0x08004e95   Thumb Code    50  oled.o(i._OLED_GetUTF8Len)
    __0sprintf                               0x08004ec9   Thumb Code    34  printfa.o(i.__0sprintf)
    __1sprintf                               0x08004ec9   Thumb Code     0  printfa.o(i.__0sprintf)
    __2sprintf                               0x08004ec9   Thumb Code     0  printfa.o(i.__0sprintf)
    __c89sprintf                             0x08004ec9   Thumb Code     0  printfa.o(i.__0sprintf)
    sprintf                                  0x08004ec9   Thumb Code     0  printfa.o(i.__0sprintf)
    __0vsnprintf                             0x08004ef1   Thumb Code    40  printfa.o(i.__0vsnprintf)
    __1vsnprintf                             0x08004ef1   Thumb Code     0  printfa.o(i.__0vsnprintf)
    __2vsnprintf                             0x08004ef1   Thumb Code     0  printfa.o(i.__0vsnprintf)
    __c89vsnprintf                           0x08004ef1   Thumb Code     0  printfa.o(i.__0vsnprintf)
    vsnprintf                                0x08004ef1   Thumb Code     0  printfa.o(i.__0vsnprintf)
    __hardfp_fmaxf                           0x08004f3d   Thumb Code    72  fmaxf.o(i.__hardfp_fmaxf)
    __hardfp_fminf                           0x08004f85   Thumb Code    72  fminf.o(i.__hardfp_fminf)
    __scatterload_copy                       0x08004fcd   Thumb Code    14  handlers.o(i.__scatterload_copy)
    __scatterload_null                       0x08004fdb   Thumb Code     2  handlers.o(i.__scatterload_null)
    __scatterload_zeroinit                   0x08004fdd   Thumb Code    14  handlers.o(i.__scatterload_zeroinit)
    jy901p_ReceiveData                       0x080058c1   Thumb Code   176  imu.o(i.jy901p_ReceiveData)
    main                                     0x08005981   Thumb Code   102  main.o(i.main)
    AHBPrescTable                            0x080059ee   Data          16  system_stm32f4xx.o(.constdata)
    APBPrescTable                            0x080059fe   Data           8  system_stm32f4xx.o(.constdata)
    ascii_16x8                               0x08005a06   Data        1520  font.o(.constdata)
    afont16x8                                0x08005ff8   Data           8  font.o(.constdata)
    zh16x16                                  0x08006000   Data         144  font.o(.constdata)
    font16x16                                0x08006090   Data          16  font.o(.constdata)
    Region$$Table$$Base                      0x080060a0   Number         0  anon$$obj.o(Region$$Table)
    Region$$Table$$Limit                     0x080060c0   Number         0  anon$$obj.o(Region$$Table)
    uwTickFreq                               0x20000000   Data           1  stm32f4xx_hal.o(.data)
    uwTickPrio                               0x20000004   Data           4  stm32f4xx_hal.o(.data)
    uwTick                                   0x20000008   Data           4  stm32f4xx_hal.o(.data)
    SystemCoreClock                          0x2000000c   Data           4  system_stm32f4xx.o(.data)
    Get_Key_Num                              0x20000010   Data           1  key.o(.data)
    PID                                      0x20000018   Data          44  motor.o(.data)
    i                                        0x20000044   Data           1  motor.o(.data)
    cnt                                      0x20000048   Data           4  motor.o(.data)
    cnt_20ms                                 0x2000004c   Data           4  motor.o(.data)
    Motors                                   0x20000054   Data         288  motor.o(.data)
    Pin                                      0x20000174   Data          12  motor.o(.data)
    ucTemp                                   0x20000186   Data           1  imu.o(.data)
    Roll                                     0x20000188   Data           4  imu.o(.data)
    Pitch                                    0x2000018c   Data           4  imu.o(.data)
    Yaw                                      0x20000190   Data           4  imu.o(.data)
    pid_index                                0x20000194   Data           1  task1.o(.data)
    Set_mode                                 0x20000195   Data           1  task1.o(.data)
    speed                                    0x20000198   Data           4  task1.o(.data)
    pid_num                                  0x200001a8   Data          12  task1.o(.data)
    hadc1                                    0x200001b4   Data          72  adc.o(.bss)
    hcan1                                    0x200001fc   Data          40  can.o(.bss)
    hi2c1                                    0x20000224   Data          84  i2c.o(.bss)
    hi2c2                                    0x20000278   Data          84  i2c.o(.bss)
    hspi1                                    0x200002cc   Data          88  spi.o(.bss)
    htim1                                    0x20000324   Data          72  tim.o(.bss)
    htim2                                    0x2000036c   Data          72  tim.o(.bss)
    htim3                                    0x200003b4   Data          72  tim.o(.bss)
    htim4                                    0x200003fc   Data          72  tim.o(.bss)
    htim5                                    0x20000444   Data          72  tim.o(.bss)
    htim8                                    0x2000048c   Data          72  tim.o(.bss)
    htim9                                    0x200004d4   Data          72  tim.o(.bss)
    htim10                                   0x2000051c   Data          72  tim.o(.bss)
    htim12                                   0x20000564   Data          72  tim.o(.bss)
    htim13                                   0x200005ac   Data          72  tim.o(.bss)
    huart4                                   0x200005f4   Data          72  usart.o(.bss)
    huart5                                   0x2000063c   Data          72  usart.o(.bss)
    huart1                                   0x20000684   Data          72  usart.o(.bss)
    huart2                                   0x200006cc   Data          72  usart.o(.bss)
    huart3                                   0x20000714   Data          72  usart.o(.bss)
    hdma_usart3_rx                           0x2000075c   Data          96  usart.o(.bss)
    Encoder                                  0x200007bc   Data          80  motor.o(.bss)
    OLED_GRAM                                0x2000088d   Data        1024  oled.o(.bss)
    UartTxBuf                                0x20000c98   Data         100  task1.o(.bss)
    __initial_sp                             0x20001100   Data           0  startup_stm32f407xx.o(STACK)



==============================================================================

Memory Map of the image

  Image Entry point : 0x08000189

  Load Region LR_IROM1 (Base: 0x08000000, Size: 0x00006274, Max: 0x00080000, ABSOLUTE, COMPRESSED[0x00006134])

    Execution Region ER_IROM1 (Exec base: 0x08000000, Load base: 0x08000000, Size: 0x000060c0, Max: 0x00080000, ABSOLUTE)

    Exec Addr    Load Addr    Size         Type   Attr      Idx    E Section Name        Object

    0x08000000   0x08000000   0x00000188   Data   RO            3    RESET               startup_stm32f407xx.o
    0x08000188   0x08000188   0x00000000   Code   RO         5122  * .ARM.Collect$$$$00000000  mc_w.l(entry.o)
    0x08000188   0x08000188   0x00000004   Code   RO         5410    .ARM.Collect$$$$00000001  mc_w.l(entry2.o)
    0x0800018c   0x0800018c   0x00000004   Code   RO         5413    .ARM.Collect$$$$00000004  mc_w.l(entry5.o)
    0x08000190   0x08000190   0x00000000   Code   RO         5415    .ARM.Collect$$$$00000008  mc_w.l(entry7b.o)
    0x08000190   0x08000190   0x00000000   Code   RO         5417    .ARM.Collect$$$$0000000A  mc_w.l(entry8b.o)
    0x08000190   0x08000190   0x00000008   Code   RO         5418    .ARM.Collect$$$$0000000B  mc_w.l(entry9a.o)
    0x08000198   0x08000198   0x00000000   Code   RO         5420    .ARM.Collect$$$$0000000D  mc_w.l(entry10a.o)
    0x08000198   0x08000198   0x00000000   Code   RO         5422    .ARM.Collect$$$$0000000F  mc_w.l(entry11a.o)
    0x08000198   0x08000198   0x00000004   Code   RO         5411    .ARM.Collect$$$$00002712  mc_w.l(entry2.o)
    0x0800019c   0x0800019c   0x00000024   Code   RO            4    .text               startup_stm32f407xx.o
    0x080001c0   0x080001c0   0x00000062   Code   RO         5125    .text               mc_w.l(uldiv.o)
    0x08000222   0x08000222   0x00000024   Code   RO         5127    .text               mc_w.l(memcpya.o)
    0x08000246   0x08000246   0x00000024   Code   RO         5129    .text               mc_w.l(memseta.o)
    0x0800026a   0x0800026a   0x0000001a   Code   RO         5131    .text               mc_w.l(memcmp.o)
    0x08000284   0x08000284   0x0000014e   Code   RO         5396    .text               mf_w.l(dadd.o)
    0x080003d2   0x080003d2   0x000000e4   Code   RO         5398    .text               mf_w.l(dmul.o)
    0x080004b6   0x080004b6   0x00000026   Code   RO         5406    .text               mf_w.l(f2d.o)
    0x080004dc   0x080004dc   0x00000038   Code   RO         5408    .text               mf_w.l(d2f.o)
    0x08000514   0x08000514   0x0000002c   Code   RO         5427    .text               mc_w.l(uidiv.o)
    0x08000540   0x08000540   0x0000001e   Code   RO         5429    .text               mc_w.l(llshl.o)
    0x0800055e   0x0800055e   0x00000020   Code   RO         5431    .text               mc_w.l(llushr.o)
    0x0800057e   0x0800057e   0x00000024   Code   RO         5433    .text               mc_w.l(llsshr.o)
    0x080005a2   0x080005a2   0x00000000   Code   RO         5435    .text               mc_w.l(iusefp.o)
    0x080005a2   0x080005a2   0x0000006e   Code   RO         5436    .text               mf_w.l(fepilogue.o)
    0x08000610   0x08000610   0x000000ba   Code   RO         5438    .text               mf_w.l(depilogue.o)
    0x080006ca   0x080006ca   0x000000de   Code   RO         5440    .text               mf_w.l(ddiv.o)
    0x080007a8   0x080007a8   0x00000030   Code   RO         5442    .text               mf_w.l(dfixul.o)
    0x080007d8   0x080007d8   0x00000030   Code   RO         5444    .text               mf_w.l(cdrcmple.o)
    0x08000808   0x08000808   0x00000036   Code   RO         5446    .text               mf_w.l(fcmp4.o)
    0x0800083e   0x0800083e   0x00000002   PAD
    0x08000840   0x08000840   0x00000024   Code   RO         5448    .text               mc_w.l(init.o)
    0x08000864   0x08000864   0x00000056   Code   RO         5460    .text               mc_w.l(__dczerorl2.o)
    0x080008ba   0x080008ba   0x00000002   PAD
    0x080008bc   0x080008bc   0x00000128   Code   RO          802    i.ADC_Init          stm32f4xx_hal_adc.o
    0x080009e4   0x080009e4   0x00000002   Code   RO          639    i.BusFault_Handler  stm32f4xx_it.o
    0x080009e6   0x080009e6   0x00000002   PAD
    0x080009e8   0x080009e8   0x0000000c   Code   RO          640    i.DMA1_Stream1_IRQHandler  stm32f4xx_it.o
    0x080009f4   0x080009f4   0x00000028   Code   RO         1536    i.DMA_CalcBaseAndBitshift  stm32f4xx_hal_dma.o
    0x08000a1c   0x08000a1c   0x00000054   Code   RO         1537    i.DMA_CheckFifoParam  stm32f4xx_hal_dma.o
    0x08000a70   0x08000a70   0x00000028   Code   RO         1538    i.DMA_SetConfig     stm32f4xx_hal_dma.o
    0x08000a98   0x08000a98   0x00000002   Code   RO          641    i.DebugMon_Handler  stm32f4xx_it.o
    0x08000a9a   0x08000a9a   0x00000002   PAD
    0x08000a9c   0x08000a9c   0x000000bc   Code   RO         4677    i.Encoder_GetSpeed  motor.o
    0x08000b58   0x08000b58   0x00000004   Code   RO           13    i.Error_Handler     main.o
    0x08000b5c   0x08000b5c   0x0000014c   Code   RO          804    i.HAL_ADC_ConfigChannel  stm32f4xx_hal_adc.o
    0x08000ca8   0x08000ca8   0x00000054   Code   RO          813    i.HAL_ADC_Init      stm32f4xx_hal_adc.o
    0x08000cfc   0x08000cfc   0x000000a4   Code   RO          262    i.HAL_ADC_MspInit   adc.o
    0x08000da0   0x08000da0   0x0000011a   Code   RO         2241    i.HAL_CAN_Init      stm32f4xx_hal_can.o
    0x08000eba   0x08000eba   0x00000002   PAD
    0x08000ebc   0x08000ebc   0x0000006c   Code   RO          304    i.HAL_CAN_MspInit   can.o
    0x08000f28   0x08000f28   0x00000092   Code   RO         1539    i.HAL_DMA_Abort     stm32f4xx_hal_dma.o
    0x08000fba   0x08000fba   0x00000024   Code   RO         1540    i.HAL_DMA_Abort_IT  stm32f4xx_hal_dma.o
    0x08000fde   0x08000fde   0x00000002   PAD
    0x08000fe0   0x08000fe0   0x000001a0   Code   RO         1544    i.HAL_DMA_IRQHandler  stm32f4xx_hal_dma.o
    0x08001180   0x08001180   0x000000d4   Code   RO         1545    i.HAL_DMA_Init      stm32f4xx_hal_dma.o
    0x08001254   0x08001254   0x0000006e   Code   RO         1549    i.HAL_DMA_Start_IT  stm32f4xx_hal_dma.o
    0x080012c2   0x080012c2   0x00000002   PAD
    0x080012c4   0x080012c4   0x000001f0   Code   RO         1432    i.HAL_GPIO_Init     stm32f4xx_hal_gpio.o
    0x080014b4   0x080014b4   0x0000000a   Code   RO         1434    i.HAL_GPIO_ReadPin  stm32f4xx_hal_gpio.o
    0x080014be   0x080014be   0x00000010   Code   RO         1435    i.HAL_GPIO_TogglePin  stm32f4xx_hal_gpio.o
    0x080014ce   0x080014ce   0x0000000a   Code   RO         1436    i.HAL_GPIO_WritePin  stm32f4xx_hal_gpio.o
    0x080014d8   0x080014d8   0x0000000c   Code   RO         1982    i.HAL_GetTick       stm32f4xx_hal.o
    0x080014e4   0x080014e4   0x00000188   Code   RO         2472    i.HAL_I2C_Init      stm32f4xx_hal_i2c.o
    0x0800166c   0x0800166c   0x0000012c   Code   RO         2485    i.HAL_I2C_Master_Transmit  stm32f4xx_hal_i2c.o
    0x08001798   0x08001798   0x000000ac   Code   RO          370    i.HAL_I2C_MspInit   i2c.o
    0x08001844   0x08001844   0x00000010   Code   RO         1988    i.HAL_IncTick       stm32f4xx_hal.o
    0x08001854   0x08001854   0x00000034   Code   RO         1989    i.HAL_Init          stm32f4xx_hal.o
    0x08001888   0x08001888   0x00000040   Code   RO         1990    i.HAL_InitTick      stm32f4xx_hal.o
    0x080018c8   0x080018c8   0x00000030   Code   RO          775    i.HAL_MspInit       stm32f4xx_hal_msp.o
    0x080018f8   0x080018f8   0x0000001a   Code   RO         1824    i.HAL_NVIC_EnableIRQ  stm32f4xx_hal_cortex.o
    0x08001912   0x08001912   0x00000002   PAD
    0x08001914   0x08001914   0x00000040   Code   RO         1830    i.HAL_NVIC_SetPriority  stm32f4xx_hal_cortex.o
    0x08001954   0x08001954   0x00000024   Code   RO         1831    i.HAL_NVIC_SetPriorityGrouping  stm32f4xx_hal_cortex.o
    0x08001978   0x08001978   0x00000134   Code   RO         1078    i.HAL_RCC_ClockConfig  stm32f4xx_hal_rcc.o
    0x08001aac   0x08001aac   0x00000020   Code   RO         1085    i.HAL_RCC_GetPCLK1Freq  stm32f4xx_hal_rcc.o
    0x08001acc   0x08001acc   0x00000020   Code   RO         1086    i.HAL_RCC_GetPCLK2Freq  stm32f4xx_hal_rcc.o
    0x08001aec   0x08001aec   0x00000064   Code   RO         1087    i.HAL_RCC_GetSysClockFreq  stm32f4xx_hal_rcc.o
    0x08001b50   0x08001b50   0x0000036c   Code   RO         1090    i.HAL_RCC_OscConfig  stm32f4xx_hal_rcc.o
    0x08001ebc   0x08001ebc   0x000000bc   Code   RO         2927    i.HAL_SPI_Init      stm32f4xx_hal_spi.o
    0x08001f78   0x08001f78   0x00000068   Code   RO          418    i.HAL_SPI_MspInit   spi.o
    0x08001fe0   0x08001fe0   0x00000028   Code   RO         1835    i.HAL_SYSTICK_Config  stm32f4xx_hal_cortex.o
    0x08002008   0x08002008   0x00000002   Code   RO         3944    i.HAL_TIMEx_BreakCallback  stm32f4xx_hal_tim_ex.o
    0x0800200a   0x0800200a   0x00000002   Code   RO         3945    i.HAL_TIMEx_CommutCallback  stm32f4xx_hal_tim_ex.o
    0x0800200c   0x0800200c   0x00000054   Code   RO         3947    i.HAL_TIMEx_ConfigBreakDeadTime  stm32f4xx_hal_tim_ex.o
    0x08002060   0x08002060   0x00000090   Code   RO         3963    i.HAL_TIMEx_MasterConfigSynchronization  stm32f4xx_hal_tim_ex.o
    0x080020f0   0x080020f0   0x0000005a   Code   RO         3240    i.HAL_TIM_Base_Init  stm32f4xx_hal_tim.o
    0x0800214a   0x0800214a   0x00000002   PAD
    0x0800214c   0x0800214c   0x000000dc   Code   RO          460    i.HAL_TIM_Base_MspInit  tim.o
    0x08002228   0x08002228   0x00000080   Code   RO         3245    i.HAL_TIM_Base_Start_IT  stm32f4xx_hal_tim.o
    0x080022a8   0x080022a8   0x000000dc   Code   RO         3249    i.HAL_TIM_ConfigClockSource  stm32f4xx_hal_tim.o
    0x08002384   0x08002384   0x000000a4   Code   RO         3261    i.HAL_TIM_Encoder_Init  stm32f4xx_hal_tim.o
    0x08002428   0x08002428   0x000001b0   Code   RO          462    i.HAL_TIM_Encoder_MspInit  tim.o
    0x080025d8   0x080025d8   0x0000008e   Code   RO         3264    i.HAL_TIM_Encoder_Start  stm32f4xx_hal_tim.o
    0x08002666   0x08002666   0x00000026   Code   RO         3271    i.HAL_TIM_GenerateEvent  stm32f4xx_hal_tim.o
    0x0800268c   0x0800268c   0x00000002   Code   RO         3274    i.HAL_TIM_IC_CaptureCallback  stm32f4xx_hal_tim.o
    0x0800268e   0x0800268e   0x00000130   Code   RO         3288    i.HAL_TIM_IRQHandler  stm32f4xx_hal_tim.o
    0x080027be   0x080027be   0x00000002   PAD
    0x080027c0   0x080027c0   0x0000010c   Code   RO          463    i.HAL_TIM_MspPostInit  tim.o
    0x080028cc   0x080028cc   0x00000002   Code   RO         3291    i.HAL_TIM_OC_DelayElapsedCallback  stm32f4xx_hal_tim.o
    0x080028ce   0x080028ce   0x000000cc   Code   RO         3312    i.HAL_TIM_PWM_ConfigChannel  stm32f4xx_hal_tim.o
    0x0800299a   0x0800299a   0x0000005a   Code   RO         3315    i.HAL_TIM_PWM_Init  stm32f4xx_hal_tim.o
    0x080029f4   0x080029f4   0x00000002   Code   RO         3317    i.HAL_TIM_PWM_MspInit  stm32f4xx_hal_tim.o
    0x080029f6   0x080029f6   0x00000002   Code   RO         3318    i.HAL_TIM_PWM_PulseFinishedCallback  stm32f4xx_hal_tim.o
    0x080029f8   0x080029f8   0x000000c8   Code   RO         3320    i.HAL_TIM_PWM_Start  stm32f4xx_hal_tim.o
    0x08002ac0   0x08002ac0   0x00000098   Code   RO         4678    i.HAL_TIM_PeriodElapsedCallback  motor.o
    0x08002b58   0x08002b58   0x00000002   Code   RO         3331    i.HAL_TIM_TriggerCallback  stm32f4xx_hal_tim.o
    0x08002b5a   0x08002b5a   0x00000002   Code   RO         4223    i.HAL_UARTEx_RxEventCallback  stm32f4xx_hal_uart.o
    0x08002b5c   0x08002b5c   0x00000002   Code   RO         4237    i.HAL_UART_ErrorCallback  stm32f4xx_hal_uart.o
    0x08002b5e   0x08002b5e   0x00000002   PAD
    0x08002b60   0x08002b60   0x00000270   Code   RO         4240    i.HAL_UART_IRQHandler  stm32f4xx_hal_uart.o
    0x08002dd0   0x08002dd0   0x00000064   Code   RO         4241    i.HAL_UART_Init     stm32f4xx_hal_uart.o
    0x08002e34   0x08002e34   0x000001f4   Code   RO          574    i.HAL_UART_MspInit  usart.o
    0x08003028   0x08003028   0x0000001c   Code   RO         4245    i.HAL_UART_Receive_DMA  stm32f4xx_hal_uart.o
    0x08003044   0x08003044   0x00000030   Code   RO         5009    i.HAL_UART_RxCpltCallback  imu.o
    0x08003074   0x08003074   0x00000002   Code   RO         4248    i.HAL_UART_RxHalfCpltCallback  stm32f4xx_hal_uart.o
    0x08003076   0x08003076   0x000000a0   Code   RO         4249    i.HAL_UART_Transmit  stm32f4xx_hal_uart.o
    0x08003116   0x08003116   0x00000002   Code   RO         4252    i.HAL_UART_TxCpltCallback  stm32f4xx_hal_uart.o
    0x08003118   0x08003118   0x00000002   Code   RO          642    i.HardFault_Handler  stm32f4xx_it.o
    0x0800311a   0x0800311a   0x0000002e   Code   RO         2515    i.I2C_IsAcknowledgeFailed  stm32f4xx_hal_i2c.o
    0x08003148   0x08003148   0x0000009c   Code   RO         2519    i.I2C_MasterRequestWrite  stm32f4xx_hal_i2c.o
    0x080031e4   0x080031e4   0x00000056   Code   RO         2530    i.I2C_WaitOnBTFFlagUntilTimeout  stm32f4xx_hal_i2c.o
    0x0800323a   0x0800323a   0x00000002   PAD
    0x0800323c   0x0800323c   0x00000090   Code   RO         2531    i.I2C_WaitOnFlagUntilTimeout  stm32f4xx_hal_i2c.o
    0x080032cc   0x080032cc   0x000000bc   Code   RO         2532    i.I2C_WaitOnMasterAddressFlagUntilTimeout  stm32f4xx_hal_i2c.o
    0x08003388   0x08003388   0x00000056   Code   RO         2534    i.I2C_WaitOnTXEFlagUntilTimeout  stm32f4xx_hal_i2c.o
    0x080033de   0x080033de   0x00000002   PAD
    0x080033e0   0x080033e0   0x00000014   Code   RO         5010    i.IMU_Init          imu.o
    0x080033f4   0x080033f4   0x0000004c   Code   RO         4613    i.Key_GetNum        key.o
    0x08003440   0x08003440   0x00000038   Code   RO         4614    i.Key_Scan          key.o
    0x08003478   0x08003478   0x000000ac   Code   RO         5052    i.Key_Task          task1.o
    0x08003524   0x08003524   0x00000064   Code   RO          263    i.MX_ADC1_Init      adc.o
    0x08003588   0x08003588   0x0000003c   Code   RO          305    i.MX_CAN1_Init      can.o
    0x080035c4   0x080035c4   0x0000002c   Code   RO          345    i.MX_DMA_Init       dma.o
    0x080035f0   0x080035f0   0x000000ec   Code   RO          237    i.MX_GPIO_Init      gpio.o
    0x080036dc   0x080036dc   0x00000040   Code   RO          371    i.MX_I2C1_Init      i2c.o
    0x0800371c   0x0800371c   0x00000040   Code   RO          372    i.MX_I2C2_Init      i2c.o
    0x0800375c   0x0800375c   0x00000044   Code   RO          419    i.MX_SPI1_Init      spi.o
    0x080037a0   0x080037a0   0x00000064   Code   RO          464    i.MX_TIM10_Init     tim.o
    0x08003804   0x08003804   0x00000090   Code   RO          465    i.MX_TIM12_Init     tim.o
    0x08003894   0x08003894   0x00000038   Code   RO          466    i.MX_TIM13_Init     tim.o
    0x080038cc   0x080038cc   0x0000006c   Code   RO          467    i.MX_TIM1_Init      tim.o
    0x08003938   0x08003938   0x00000068   Code   RO          468    i.MX_TIM2_Init      tim.o
    0x080039a0   0x080039a0   0x0000006c   Code   RO          469    i.MX_TIM3_Init      tim.o
    0x08003a0c   0x08003a0c   0x0000006c   Code   RO          470    i.MX_TIM4_Init      tim.o
    0x08003a78   0x08003a78   0x000000cc   Code   RO          471    i.MX_TIM5_Init      tim.o
    0x08003b44   0x08003b44   0x000000fc   Code   RO          472    i.MX_TIM8_Init      tim.o
    0x08003c40   0x08003c40   0x00000090   Code   RO          473    i.MX_TIM9_Init      tim.o
    0x08003cd0   0x08003cd0   0x00000038   Code   RO          575    i.MX_UART4_Init     usart.o
    0x08003d08   0x08003d08   0x00000038   Code   RO          576    i.MX_UART5_Init     usart.o
    0x08003d40   0x08003d40   0x00000038   Code   RO          577    i.MX_USART1_UART_Init  usart.o
    0x08003d78   0x08003d78   0x00000038   Code   RO          578    i.MX_USART2_UART_Init  usart.o
    0x08003db0   0x08003db0   0x00000038   Code   RO          579    i.MX_USART3_UART_Init  usart.o
    0x08003de8   0x08003de8   0x00000002   Code   RO          643    i.MemManage_Handler  stm32f4xx_it.o
    0x08003dea   0x08003dea   0x00000002   PAD
    0x08003dec   0x08003dec   0x00000034   Code   RO         4680    i.Motor_Init        motor.o
    0x08003e20   0x08003e20   0x00000006   Code   RO         4682    i.Motor_SetSpeed    motor.o
    0x08003e26   0x08003e26   0x00000002   PAD
    0x08003e28   0x08003e28   0x0000002c   Code   RO         5053    i.Motor_Task        task1.o
    0x08003e54   0x08003e54   0x00000100   Code   RO         4683    i.Motor_UpdataSpeed  motor.o
    0x08003f54   0x08003f54   0x00000002   Code   RO          644    i.NMI_Handler       stm32f4xx_it.o
    0x08003f56   0x08003f56   0x000000b6   Code   RO         4782    i.OLED_Init         oled.o
    0x0800400c   0x0800400c   0x00000010   Code   RO         4783    i.OLED_NewFrame     oled.o
    0x0800401c   0x0800401c   0x00000022   Code   RO         4784    i.OLED_PrintASCIIChar  oled.o
    0x0800403e   0x0800403e   0x00000002   PAD
    0x08004040   0x08004040   0x00000040   Code   RO         4786    i.OLED_PrintFloatNum  oled.o
    0x08004080   0x08004080   0x0000002c   Code   RO         4787    i.OLED_PrintNum     oled.o
    0x080040ac   0x080040ac   0x000000b8   Code   RO         4788    i.OLED_PrintString  oled.o
    0x08004164   0x08004164   0x0000001c   Code   RO         4789    i.OLED_Send         oled.o
    0x08004180   0x08004180   0x00000010   Code   RO         4790    i.OLED_SendCmd      oled.o
    0x08004190   0x08004190   0x00000048   Code   RO         4791    i.OLED_SetBits      oled.o
    0x080041d8   0x080041d8   0x00000068   Code   RO         4792    i.OLED_SetBits_Fine  oled.o
    0x08004240   0x08004240   0x00000088   Code   RO         4793    i.OLED_SetBlock     oled.o
    0x080042c8   0x080042c8   0x00000048   Code   RO         4795    i.OLED_SetByte_Fine  oled.o
    0x08004310   0x08004310   0x00000048   Code   RO         4798    i.OLED_ShowFrame    oled.o
    0x08004358   0x08004358   0x000000dc   Code   RO         5054    i.OLED_Task         task1.o
    0x08004434   0x08004434   0x00000120   Code   RO         4982    i.PID_Calculate     pid.o
    0x08004554   0x08004554   0x00000002   Code   RO          645    i.PendSV_Handler    stm32f4xx_it.o
    0x08004556   0x08004556   0x00000002   Code   RO          646    i.SVC_Handler       stm32f4xx_it.o
    0x08004558   0x08004558   0x00000004   Code   RO          647    i.SysTick_Handler   stm32f4xx_it.o
    0x0800455c   0x0800455c   0x00000098   Code   RO           14    i.SystemClock_Config  main.o
    0x080045f4   0x080045f4   0x00000010   Code   RO         4575    i.SystemInit        system_stm32f4xx.o
    0x08004604   0x08004604   0x0000001c   Code   RO          648    i.TIM1_BRK_TIM9_IRQHandler  stm32f4xx_it.o
    0x08004620   0x08004620   0x0000000c   Code   RO          649    i.TIM1_CC_IRQHandler  stm32f4xx_it.o
    0x0800462c   0x0800462c   0x0000000c   Code   RO          650    i.TIM1_TRG_COM_TIM11_IRQHandler  stm32f4xx_it.o
    0x08004638   0x08004638   0x0000001c   Code   RO          651    i.TIM1_UP_TIM10_IRQHandler  stm32f4xx_it.o
    0x08004654   0x08004654   0x0000000c   Code   RO          652    i.TIM2_IRQHandler   stm32f4xx_it.o
    0x08004660   0x08004660   0x0000000c   Code   RO          653    i.TIM3_IRQHandler   stm32f4xx_it.o
    0x0800466c   0x0800466c   0x0000000c   Code   RO          654    i.TIM4_IRQHandler   stm32f4xx_it.o
    0x08004678   0x08004678   0x0000001c   Code   RO          655    i.TIM8_UP_TIM13_IRQHandler  stm32f4xx_it.o
    0x08004694   0x08004694   0x000000d8   Code   RO         3333    i.TIM_Base_SetConfig  stm32f4xx_hal_tim.o
    0x0800476c   0x0800476c   0x0000001a   Code   RO         3334    i.TIM_CCxChannelCmd  stm32f4xx_hal_tim.o
    0x08004786   0x08004786   0x00000014   Code   RO         3344    i.TIM_ETR_SetConfig  stm32f4xx_hal_tim.o
    0x0800479a   0x0800479a   0x00000010   Code   RO         3345    i.TIM_ITRx_SetConfig  stm32f4xx_hal_tim.o
    0x080047aa   0x080047aa   0x00000002   PAD
    0x080047ac   0x080047ac   0x00000060   Code   RO         3346    i.TIM_OC1_SetConfig  stm32f4xx_hal_tim.o
    0x0800480c   0x0800480c   0x0000006c   Code   RO         3347    i.TIM_OC2_SetConfig  stm32f4xx_hal_tim.o
    0x08004878   0x08004878   0x00000068   Code   RO         3348    i.TIM_OC3_SetConfig  stm32f4xx_hal_tim.o
    0x080048e0   0x080048e0   0x00000050   Code   RO         3349    i.TIM_OC4_SetConfig  stm32f4xx_hal_tim.o
    0x08004930   0x08004930   0x00000022   Code   RO         3351    i.TIM_TI1_ConfigInputStage  stm32f4xx_hal_tim.o
    0x08004952   0x08004952   0x00000024   Code   RO         3353    i.TIM_TI2_ConfigInputStage  stm32f4xx_hal_tim.o
    0x08004976   0x08004976   0x00000002   PAD
    0x08004978   0x08004978   0x00000030   Code   RO         5055    i.Task_Run          task1.o
    0x080049a8   0x080049a8   0x00000010   Code   RO         4254    i.UART_DMAAbortOnError  stm32f4xx_hal_uart.o
    0x080049b8   0x080049b8   0x0000004a   Code   RO         4255    i.UART_DMAError     stm32f4xx_hal_uart.o
    0x08004a02   0x08004a02   0x00000086   Code   RO         4256    i.UART_DMAReceiveCplt  stm32f4xx_hal_uart.o
    0x08004a88   0x08004a88   0x0000001e   Code   RO         4258    i.UART_DMARxHalfCplt  stm32f4xx_hal_uart.o
    0x08004aa6   0x08004aa6   0x0000004e   Code   RO         4264    i.UART_EndRxTransfer  stm32f4xx_hal_uart.o
    0x08004af4   0x08004af4   0x0000001c   Code   RO         4265    i.UART_EndTxTransfer  stm32f4xx_hal_uart.o
    0x08004b10   0x08004b10   0x000000c2   Code   RO         4266    i.UART_Receive_IT   stm32f4xx_hal_uart.o
    0x08004bd2   0x08004bd2   0x00000002   PAD
    0x08004bd4   0x08004bd4   0x0000010c   Code   RO         4267    i.UART_SetConfig    stm32f4xx_hal_uart.o
    0x08004ce0   0x08004ce0   0x00000090   Code   RO         4268    i.UART_Start_Receive_DMA  stm32f4xx_hal_uart.o
    0x08004d70   0x08004d70   0x00000072   Code   RO         4270    i.UART_WaitOnFlagUntilTimeout  stm32f4xx_hal_uart.o
    0x08004de2   0x08004de2   0x00000002   PAD
    0x08004de4   0x08004de4   0x0000000c   Code   RO          656    i.USART3_IRQHandler  stm32f4xx_it.o
    0x08004df0   0x08004df0   0x00000074   Code   RO         5056    i.Uart_Transmit_Task  task1.o
    0x08004e64   0x08004e64   0x00000002   Code   RO          657    i.UsageFault_Handler  stm32f4xx_it.o
    0x08004e66   0x08004e66   0x00000002   PAD
    0x08004e68   0x08004e68   0x0000002c   Code   RO         5057    i.Usart1Printf      task1.o
    0x08004e94   0x08004e94   0x00000032   Code   RO         4799    i._OLED_GetUTF8Len  oled.o
    0x08004ec6   0x08004ec6   0x00000002   PAD
    0x08004ec8   0x08004ec8   0x00000028   Code   RO         5370    i.__0sprintf        mc_w.l(printfa.o)
    0x08004ef0   0x08004ef0   0x0000002c   Code   RO         5373    i.__0vsnprintf      mc_w.l(printfa.o)
    0x08004f1c   0x08004f1c   0x00000020   Code   RO         1837    i.__NVIC_SetPriority  stm32f4xx_hal_cortex.o
    0x08004f3c   0x08004f3c   0x00000048   Code   RO         5114    i.__hardfp_fmaxf    m_wm.l(fmaxf.o)
    0x08004f84   0x08004f84   0x00000048   Code   RO         5118    i.__hardfp_fminf    m_wm.l(fminf.o)
    0x08004fcc   0x08004fcc   0x0000000e   Code   RO         5454    i.__scatterload_copy  mc_w.l(handlers.o)
    0x08004fda   0x08004fda   0x00000002   Code   RO         5455    i.__scatterload_null  mc_w.l(handlers.o)
    0x08004fdc   0x08004fdc   0x0000000e   Code   RO         5456    i.__scatterload_zeroinit  mc_w.l(handlers.o)
    0x08004fea   0x08004fea   0x00000002   PAD
    0x08004fec   0x08004fec   0x00000184   Code   RO         5375    i._fp_digits        mc_w.l(printfa.o)
    0x08005170   0x08005170   0x000006dc   Code   RO         5376    i._printf_core      mc_w.l(printfa.o)
    0x0800584c   0x0800584c   0x00000024   Code   RO         5377    i._printf_post_padding  mc_w.l(printfa.o)
    0x08005870   0x08005870   0x0000002e   Code   RO         5378    i._printf_pre_padding  mc_w.l(printfa.o)
    0x0800589e   0x0800589e   0x00000016   Code   RO         5379    i._snputc           mc_w.l(printfa.o)
    0x080058b4   0x080058b4   0x0000000a   Code   RO         5380    i._sputc            mc_w.l(printfa.o)
    0x080058be   0x080058be   0x00000002   PAD
    0x080058c0   0x080058c0   0x000000c0   Code   RO         5011    i.jy901p_ReceiveData  imu.o
    0x08005980   0x08005980   0x00000066   Code   RO           15    i.main              main.o
    0x080059e6   0x080059e6   0x00000008   Data   RO         1551    .constdata          stm32f4xx_hal_dma.o
    0x080059ee   0x080059ee   0x00000010   Data   RO         4576    .constdata          system_stm32f4xx.o
    0x080059fe   0x080059fe   0x00000008   Data   RO         4577    .constdata          system_stm32f4xx.o
    0x08005a06   0x08005a06   0x000005f0   Data   RO         4746    .constdata          font.o
    0x08005ff6   0x08005ff6   0x00000002   PAD
    0x08005ff8   0x08005ff8   0x00000008   Data   RO         4747    .constdata          font.o
    0x08006000   0x08006000   0x00000090   Data   RO         4750    .constdata          font.o
    0x08006090   0x08006090   0x00000010   Data   RO         4751    .constdata          font.o
    0x080060a0   0x080060a0   0x00000020   Data   RO         5452    Region$$Table       anon$$obj.o


    Execution Region RW_IRAM1 (Exec base: 0x20000000, Load base: 0x080060c0, Size: 0x00001100, Max: 0x0001c000, ABSOLUTE, COMPRESSED[0x00000074])

    Exec Addr    Load Addr    Size         Type   Attr      Idx    E Section Name        Object

    0x20000000   COMPRESSED   0x0000000c   Data   RW         1996    .data               stm32f4xx_hal.o
    0x2000000c   COMPRESSED   0x00000004   Data   RW         4578    .data               system_stm32f4xx.o
    0x20000010   COMPRESSED   0x00000006   Data   RW         4619    .data               key.o
    0x20000016   COMPRESSED   0x00000002   PAD
    0x20000018   COMPRESSED   0x0000002c   Data   RW         4685    .data               motor.o
    0x20000044   COMPRESSED   0x0000013c   Data   RW         4686    .data               motor.o
    0x20000180   COMPRESSED   0x00000004   Data   RW         4801    .data               oled.o
    0x20000184   COMPRESSED   0x00000010   Data   RW         5013    .data               imu.o
    0x20000194   COMPRESSED   0x00000020   Data   RW         5061    .data               task1.o
    0x200001b4        -       0x00000048   Zero   RW          264    .bss                adc.o
    0x200001fc        -       0x00000028   Zero   RW          306    .bss                can.o
    0x20000224        -       0x000000a8   Zero   RW          373    .bss                i2c.o
    0x200002cc        -       0x00000058   Zero   RW          420    .bss                spi.o
    0x20000324        -       0x000002d0   Zero   RW          474    .bss                tim.o
    0x200005f4        -       0x000001c8   Zero   RW          580    .bss                usart.o
    0x200007bc        -       0x00000050   Zero   RW         4684    .bss                motor.o
    0x2000080c        -       0x00000481   Zero   RW         4800    .bss                oled.o
    0x20000c8d        -       0x0000000b   Zero   RW         5012    .bss                imu.o
    0x20000c98        -       0x00000064   Zero   RW         5058    .bss                task1.o
    0x20000cfc   COMPRESSED   0x00000004   PAD
    0x20000d00        -       0x00000400   Zero   RW            1    STACK               startup_stm32f407xx.o


    Execution Region RW_IRAM2 (Exec base: 0x2001c000, Load base: 0x08006134, Size: 0x00000000, Max: 0x00004000, ABSOLUTE)

    **** No section assigned to this execution region ****


==============================================================================

Image component sizes


      Code (inc. data)   RO Data    RW Data    ZI Data      Debug   Object Name

       264         34          0          0         72       1757   adc.o
       168         22          0          0         40       1653   can.o
        44          4          0          0          0        758   dma.o
         0          0       1688          0          0       1553   font.o
       236         22          0          0          0       1047   gpio.o
       300         46          0          0        168       2322   i2c.o
       260         40          0         16         11       2338   imu.o
       132         14          0          6          0       2160   key.o
       258         10          0          0          0     732900   main.o
       654         66          0        360         80       4981   motor.o
      1074         44          0          4       1153      13068   oled.o
       288         12          0          0          0       1900   pid.o
       172         20          0          0         88       1657   spi.o
        36          8        392          0       1024        828   startup_stm32f407xx.o
       144         24          0         12          0       8717   stm32f4xx_hal.o
       712         28          0          0          0       2847   stm32f4xx_hal_adc.o
       282          0          0          0          0       1391   stm32f4xx_hal_can.o
       198         14          0          0          0      33775   stm32f4xx_hal_cortex.o
      1084         16          8          0          0       7274   stm32f4xx_hal_dma.o
       532         46          0          0          0       3456   stm32f4xx_hal_gpio.o
      1398         32          0          0          0       9293   stm32f4xx_hal_i2c.o
        48          6          0          0          0        842   stm32f4xx_hal_msp.o
      1348         76          0          0          0       5192   stm32f4xx_hal_rcc.o
       188          0          0          0          0       1199   stm32f4xx_hal_spi.o
      2326        138          0          0          0      19529   stm32f4xx_hal_tim.o
       232         28          0          0          0       3265   stm32f4xx_hal_tim_ex.o
      2000         30          0          0          0      14588   stm32f4xx_hal_uart.o
       188         72          0          0          0       8888   stm32f4xx_it.o
        16          4         24          4          0       1103   system_stm32f4xx.o
       644        106          0         32        100       4477   task1.o
      2248        190          0          0        720       9913   tim.o
       780         84          0          0        456       4565   usart.o

    ----------------------------------------------------------------------
     18294       1236       2146        436       3916     909236   Object Totals
         0          0         32          0          0          0   (incl. Generated)
        40          0          2          2          4          0   (incl. Padding)

    ----------------------------------------------------------------------

      Code (inc. data)   RO Data    RW Data    ZI Data      Debug   Library Member Name

        72          0          0          0          0        148   fmaxf.o
        72          0          0          0          0        148   fminf.o
        86          0          0          0          0          0   __dczerorl2.o
         0          0          0          0          0          0   entry.o
         0          0          0          0          0          0   entry10a.o
         0          0          0          0          0          0   entry11a.o
         8          4          0          0          0          0   entry2.o
         4          0          0          0          0          0   entry5.o
         0          0          0          0          0          0   entry7b.o
         0          0          0          0          0          0   entry8b.o
         8          4          0          0          0          0   entry9a.o
        30          0          0          0          0          0   handlers.o
        36          8          0          0          0         68   init.o
         0          0          0          0          0          0   iusefp.o
        30          0          0          0          0         68   llshl.o
        36          0          0          0          0         68   llsshr.o
        32          0          0          0          0         68   llushr.o
        26          0          0          0          0         80   memcmp.o
        36          0          0          0          0         68   memcpya.o
        36          0          0          0          0        108   memseta.o
      2342         90          0          0          0        668   printfa.o
        44          0          0          0          0         80   uidiv.o
        98          0          0          0          0         92   uldiv.o
        48          0          0          0          0         68   cdrcmple.o
        56          0          0          0          0         88   d2f.o
       334          0          0          0          0        148   dadd.o
       222          0          0          0          0        100   ddiv.o
       186          0          0          0          0        176   depilogue.o
        48          0          0          0          0         68   dfixul.o
       228          0          0          0          0         96   dmul.o
        38          0          0          0          0         68   f2d.o
        54          0          0          0          0         68   fcmp4.o
       110          0          0          0          0        168   fepilogue.o

    ----------------------------------------------------------------------
      4328        106          0          0          0       2712   Library Totals
         8          0          0          0          0          0   (incl. Padding)

    ----------------------------------------------------------------------

      Code (inc. data)   RO Data    RW Data    ZI Data      Debug   Library Name

       144          0          0          0          0        296   m_wm.l
      2852        106          0          0          0       1368   mc_w.l
      1324          0          0          0          0       1048   mf_w.l

    ----------------------------------------------------------------------
      4328        106          0          0          0       2712   Library Totals

    ----------------------------------------------------------------------

==============================================================================


      Code (inc. data)   RO Data    RW Data    ZI Data      Debug   

     22622       1342       2146        436       3916     894584   Grand Totals
     22622       1342       2146        116       3916     894584   ELF Image Totals (compressed)
     22622       1342       2146        116          0          0   ROM Totals

==============================================================================

    Total RO  Size (Code + RO Data)                24768 (  24.19kB)
    Total RW  Size (RW Data + ZI Data)              4352 (   4.25kB)
    Total ROM Size (Code + RO Data + RW Data)      24884 (  24.30kB)

==============================================================================

